interactions:
- request:
    body: null
    headers:
      Accept:
      - '*/*'
      Accept-Encoding:
      - gzip, deflate
      Connection:
      - keep-alive
      User-Agent:
      - rotki/1.26.4.dev786+gf81688fc7.d20230215
    method: GET
    uri: https://api.etherscan.io/api?module=account&action=txlist&sort=asc&address=0x4bba290826c253bd854121346c370a9886d1bc26&startBlock=0&endBlock=0&apikey=8JT7WQBB2VQP5C3416Y8X3S8GBA3CVZKP4
  response:
    body:
      string: '{"status":"0","message":"No transactions found","result":[]}'
    headers:
      Access-Control-Allow-Headers:
      - Content-Type
      Access-Control-Allow-Methods:
      - GET, POST, OPTIONS
      Access-Control-Allow-Origin:
      - '*'
      Cache-Control:
      - private
      Connection:
      - keep-alive
      Content-Type:
      - application/json; charset=utf-8
      Date:
      - Fri, 24 Feb 2023 19:07:51 GMT
      Server:
      - nginx
      Vary:
      - Accept-Encoding
      X-Frame-Options:
      - SAMEORIGIN
      content-length:
      - '60'
    status:
      code: 200
      message: OK
- request:
    body: null
    headers:
      Accept:
      - '*/*'
      Accept-Encoding:
      - gzip, deflate
      Connection:
      - keep-alive
      User-Agent:
      - rotki/1.26.4.dev786+gf81688fc7.d20230215
    method: GET
    uri: https://api.etherscan.io/api?module=account&action=txlist&sort=asc&address=0x756F45E3FA69347A9A973A725E3C98bC4db0b5a0&startBlock=0&endBlock=0&apikey=8JT7WQBB2VQP5C3416Y8X3S8GBA3CVZKP4
  response:
    body:
      string: '{"status":"1","message":"OK","result":[{"blockNumber":"0","timeStamp":"1438269973","hash":"GENESIS_756f45e3fa69347a9a973a725e3c98bc4db0b5a0","nonce":"","blockHash":"","transactionIndex":"0","from":"GENESIS","to":"0x756f45e3fa69347a9a973a725e3c98bc4db0b5a0","value":"200000000000000000000","gas":"0","gasPrice":"0","isError":"0","txreceipt_status":"","input":"","contractAddress":"","cumulativeGasUsed":"0","gasUsed":"0","confirmations":"16700165","methodId":"","functionName":""}]}'
    headers:
      Access-Control-Allow-Headers:
      - Content-Type
      Access-Control-Allow-Methods:
      - GET, POST, OPTIONS
      Access-Control-Allow-Origin:
      - '*'
      Cache-Control:
      - private
      Connection:
      - keep-alive
      Content-Type:
      - application/json; charset=utf-8
      Date:
      - Fri, 24 Feb 2023 19:07:52 GMT
      Server:
      - nginx
      Vary:
      - Accept-Encoding
      X-Frame-Options:
      - SAMEORIGIN
      content-length:
      - '481'
    status:
      code: 200
      message: OK
- request:
    body: null
    headers:
      Accept:
      - '*/*'
      Accept-Encoding:
      - gzip, deflate
      Connection:
      - keep-alive
      User-Agent:
      - rotki/1.26.4.dev786+gf81688fc7.d20230215
    method: GET
    uri: https://api.etherscan.io/api?module=account&action=txlist&sort=asc&address=0x9328D55ccb3FCe531f199382339f0E576ee840A3&startBlock=0&endBlock=0&apikey=8JT7WQBB2VQP5C3416Y8X3S8GBA3CVZKP4
  response:
    body:
      string: '{"status":"1","message":"OK","result":[{"blockNumber":"0","timeStamp":"1438269973","hash":"GENESIS_9328d55ccb3fce531f199382339f0e576ee840a3","nonce":"","blockHash":"","transactionIndex":"0","from":"GENESIS","to":"0x9328d55ccb3fce531f199382339f0e576ee840a3","value":"4000000000000000000000","gas":"0","gasPrice":"0","isError":"0","txreceipt_status":"","input":"","contractAddress":"","cumulativeGasUsed":"0","gasUsed":"0","confirmations":"16700165","methodId":"","functionName":""}]}'
    headers:
      Access-Control-Allow-Headers:
      - Content-Type
      Access-Control-Allow-Methods:
      - GET, POST, OPTIONS
      Access-Control-Allow-Origin:
      - '*'
      Cache-Control:
      - private
      Connection:
      - keep-alive
      Content-Type:
      - application/json; charset=utf-8
      Date:
      - Fri, 24 Feb 2023 19:07:52 GMT
      Server:
      - nginx
      Vary:
      - Accept-Encoding
      X-Frame-Options:
      - SAMEORIGIN
      content-length:
      - '482'
    status:
      code: 200
      message: OK
version: 1
