interactions:
- request:
    body: '{"jsonrpc": "2.0", "method": "web3_clientVersion", "params": [], "id":
      0}'
    headers:
      Accept:
      - '*/*'
      Accept-Encoding:
      - gzip, deflate
      Connection:
      - keep-alive
      Content-Length:
      - '73'
      Content-Type:
      - application/json
      User-Agent:
      - web3.py/7.14.0/web3.providers.rpc.rpc.HTTPProvider
    method: POST
    uri: https://mainnet.infura.io/v3/a6b269b6e5ad44ed943e9fff244dfe25
  response:
    body:
      string: '{"jsonrpc":"2.0","id":0,"result":"Geth/v1.16.3-stable-d818a9af/linux-arm64/go1.24.6"}

        '
    headers:
      Access-Control-Allow-Origin:
      - '*'
      Connection:
      - keep-alive
      Content-Length:
      - '86'
      Content-Type:
      - application/json
      Date:
      - Fri, 07 Nov 2025 21:33:03 GMT
      Vary:
      - Accept-Encoding
      - Origin
      X-Send-To-Many:
      - '0'
    status:
      code: 200
      message: OK
- request:
    body: '{"jsonrpc": "2.0", "method": "net_version", "params": [], "id": 1}'
    headers:
      Accept:
      - '*/*'
      Accept-Encoding:
      - gzip, deflate
      Connection:
      - keep-alive
      Content-Length:
      - '66'
      Content-Type:
      - application/json
      User-Agent:
      - web3.py/7.14.0/web3.providers.rpc.rpc.HTTPProvider
    method: POST
    uri: https://mainnet.infura.io/v3/a6b269b6e5ad44ed943e9fff244dfe25
  response:
    body:
      string: '{"jsonrpc":"2.0","id":1,"result":"1"}'
    headers:
      Access-Control-Allow-Origin:
      - '*'
      Connection:
      - keep-alive
      Content-Length:
      - '37'
      Content-Type:
      - application/json
      Date:
      - Fri, 07 Nov 2025 21:33:03 GMT
      Vary:
      - Accept-Encoding
    status:
      code: 200
      message: OK
- request:
    body: '{"jsonrpc": "2.0", "method": "eth_blockNumber", "params": [], "id": 2}'
    headers:
      Accept:
      - '*/*'
      Accept-Encoding:
      - gzip, deflate
      Connection:
      - keep-alive
      Content-Length:
      - '70'
      Content-Type:
      - application/json
      User-Agent:
      - web3.py/7.14.0/web3.providers.rpc.rpc.HTTPProvider
    method: POST
    uri: https://mainnet.infura.io/v3/a6b269b6e5ad44ed943e9fff244dfe25
  response:
    body:
      string: '{"jsonrpc":"2.0","id":2,"result":"0x16a65d0"}'
    headers:
      Access-Control-Allow-Origin:
      - '*'
      Connection:
      - keep-alive
      Content-Length:
      - '45'
      Content-Type:
      - application/json
      Date:
      - Fri, 07 Nov 2025 21:33:03 GMT
      Request-Id:
      - bd98ca26-609a-4df1-add0-b2c16875914c
      Vary:
      - Accept-Encoding
      X-Trace-Id:
      - 7323a6a75b932b9933abae96d40394bc
    status:
      code: 200
      message: OK
- request:
    body: '{"jsonrpc": "2.0", "method": "eth_getBalance", "params": ["0x50532e4Be195D1dE0c2E6DfA46D9ec0a4Fee6861",
      "0x15402"], "id": 3}'
    headers:
      Accept:
      - '*/*'
      Accept-Encoding:
      - gzip, deflate
      Connection:
      - keep-alive
      Content-Length:
      - '124'
      Content-Type:
      - application/json
      User-Agent:
      - web3.py/7.14.0/web3.providers.rpc.rpc.HTTPProvider
    method: POST
    uri: https://mainnet.infura.io/v3/a6b269b6e5ad44ed943e9fff244dfe25
  response:
    body:
      string: '{"jsonrpc":"2.0","id":3,"result":"0x46dd54b7972bf800"}'
    headers:
      Access-Control-Allow-Origin:
      - '*'
      Connection:
      - keep-alive
      Content-Length:
      - '54'
      Content-Type:
      - application/json; charset=utf-8
      Date:
      - Fri, 07 Nov 2025 21:33:04 GMT
      Vary:
      - Accept-Encoding
      - accept-encoding
      - origin, access-control-request-method, access-control-request-headers
      X-Send-To-Many:
      - '0'
    status:
      code: 200
      message: OK
- request:
    body: '{"jsonrpc": "2.0", "method": "eth_getTransactionByHash", "params": ["0x5c504ed432cb51138bcf09aa5e8a410dd4a1e204ef84bfed1be16dfba1b22060"],
      "id": 4}'
    headers:
      Accept:
      - '*/*'
      Accept-Encoding:
      - gzip, deflate
      Connection:
      - keep-alive
      Content-Length:
      - '147'
      Content-Type:
      - application/json
      User-Agent:
      - web3.py/7.14.0/web3.providers.rpc.rpc.HTTPProvider
    method: POST
    uri: https://mainnet.infura.io/v3/a6b269b6e5ad44ed943e9fff244dfe25
  response:
    body:
      string: '{"jsonrpc":"2.0","id":4,"result":{"blockHash":"0x4e3a3754410177e6937ef1f84bba68ea139e8d1a2258c5f85db9f1cd715a1bdd","blockNumber":"0xb443","from":"0xa1e4380a3b1f749673e270229993ee55f35663b4","gas":"0x5208","gasPrice":"0x2d79883d2000","hash":"0x5c504ed432cb51138bcf09aa5e8a410dd4a1e204ef84bfed1be16dfba1b22060","input":"0x","nonce":"0x0","to":"0x5df9b87991262f6ba471f09758cde1c0fc1de734","transactionIndex":"0x0","value":"0x7a69","type":"0x0","v":"0x1c","r":"0x88ff6cf0fefd94db46111149ae4bfc179e9b94721fffd821d38d16464b3f71d0","s":"0x45e0aff800961cfce805daef7016b9b675c137a6a41a548f7b60a3484c06a33a"}}

        '
    headers:
      Access-Control-Allow-Origin:
      - '*'
      Connection:
      - keep-alive
      Content-Length:
      - '600'
      Content-Type:
      - application/json
      Date:
      - Fri, 07 Nov 2025 21:33:04 GMT
      Request-Id:
      - 3053b67e-d180-4b68-b074-a9f5f1ff1413
      Vary:
      - Accept-Encoding
      - Origin
      Via:
      - JSON-RPC/2.0 mainnet-geth-pruned-state-blb.ethereum-network-1-prod-us-east-1.eks.infura.org
      X-Send-To-Many:
      - '0'
      X-Trace-Id:
      - cbf981564c0037175b7b90341322f5f7
    status:
      code: 200
      message: OK
- request:
    body: '{"jsonrpc": "2.0", "method": "eth_call", "params": [{"to": "0x4d72BFF1BeaC69925F8Bd12526a39BAAb069e5Da",
      "data": "0x06cd0e900000000000000000000000000000000000000000000000000000000000000001"},
      "latest"], "id": 5}'
    headers:
      Accept:
      - '*/*'
      Accept-Encoding:
      - gzip, deflate
      Connection:
      - keep-alive
      Content-Length:
      - '211'
      Content-Type:
      - application/json
      User-Agent:
      - web3.py/7.14.0/web3.providers.rpc.rpc.HTTPProvider
    method: POST
    uri: https://mainnet.infura.io/v3/a6b269b6e5ad44ed943e9fff244dfe25
  response:
    body:
      string: '{"jsonrpc":"2.0","id":5,"result":"0x0000000000000000000000000000000000000000000000012ab320346900e621"}

        '
    headers:
      Access-Control-Allow-Origin:
      - '*'
      Connection:
      - keep-alive
      Content-Length:
      - '103'
      Content-Type:
      - application/json
      Date:
      - Fri, 07 Nov 2025 21:33:05 GMT
      Vary:
      - Accept-Encoding
      - Origin
      X-Send-To-Many:
      - '0'
    status:
      code: 200
      message: OK
- request:
    body: '{"jsonrpc": "2.0", "method": "eth_call", "params": [{"to": "0xae7ab96520DE3A18E5e111B5EaAb095312D7fE84",
      "data": "0x7a28fb880000000000000000000000000000000000000000000000012ab320346900e621"},
      "latest"], "id": 6}'
    headers:
      Accept:
      - '*/*'
      Accept-Encoding:
      - gzip, deflate
      Connection:
      - keep-alive
      Content-Length:
      - '211'
      Content-Type:
      - application/json
      User-Agent:
      - web3.py/7.14.0/web3.providers.rpc.rpc.HTTPProvider
    method: POST
    uri: https://mainnet.infura.io/v3/a6b269b6e5ad44ed943e9fff244dfe25
  response:
    body:
      string: '{"jsonrpc":"2.0","id":6,"result":"0x0000000000000000000000000000000000000000000000016bfcaa241312cfdc"}

        '
    headers:
      Access-Control-Allow-Origin:
      - '*'
      Connection:
      - keep-alive
      Content-Length:
      - '103'
      Content-Type:
      - application/json
      Date:
      - Fri, 07 Nov 2025 21:33:05 GMT
      Vary:
      - Accept-Encoding
      - Origin
      X-Send-To-Many:
      - '0'
    status:
      code: 200
      message: OK
- request:
    body: '{"jsonrpc": "2.0", "method": "eth_call", "params": [{"to": "0x4d72BFF1BeaC69925F8Bd12526a39BAAb069e5Da",
      "data": "0x0569b9470000000000000000000000000000000000000000000000000000000000000001"},
      "latest"], "id": 7}'
    headers:
      Accept:
      - '*/*'
      Accept-Encoding:
      - gzip, deflate
      Connection:
      - keep-alive
      Content-Length:
      - '211'
      Content-Type:
      - application/json
      User-Agent:
      - web3.py/7.14.0/web3.providers.rpc.rpc.HTTPProvider
    method: POST
    uri: https://mainnet.infura.io/v3/a6b269b6e5ad44ed943e9fff244dfe25
  response:
    body:
      string: '{"jsonrpc":"2.0","id":7,"result":"0x0000000000000000000000000000000000000000000000000000000000000002"}

        '
    headers:
      Access-Control-Allow-Origin:
      - '*'
      Connection:
      - keep-alive
      Content-Length:
      - '103'
      Content-Type:
      - application/json
      Date:
      - Fri, 07 Nov 2025 21:33:06 GMT
      Vary:
      - Accept-Encoding
      - Origin
      X-Send-To-Many:
      - '0'
    status:
      code: 200
      message: OK
- request:
    body: '{"jsonrpc": "2.0", "method": "eth_call", "params": [{"to": "0x4d72BFF1BeaC69925F8Bd12526a39BAAb069e5Da",
      "data": "0x8f6549ae0000000000000000000000000000000000000000000000000000000000000001"},
      "latest"], "id": 8}'
    headers:
      Accept:
      - '*/*'
      Accept-Encoding:
      - gzip, deflate
      Connection:
      - keep-alive
      Content-Length:
      - '211'
      Content-Type:
      - application/json
      User-Agent:
      - web3.py/7.14.0/web3.providers.rpc.rpc.HTTPProvider
    method: POST
    uri: https://mainnet.infura.io/v3/a6b269b6e5ad44ed943e9fff244dfe25
  response:
    body:
      string: '{"jsonrpc":"2.0","id":8,"result":"0x0000000000000000000000000000000000000000000000012ab320346900e6210000000000000000000000000000000000000000000000012a616b20d534e73c"}

        '
    headers:
      Access-Control-Allow-Origin:
      - '*'
      Connection:
      - keep-alive
      Content-Length:
      - '167'
      Content-Type:
      - application/json
      Date:
      - Fri, 07 Nov 2025 21:33:06 GMT
      Vary:
      - Accept-Encoding
      - Origin
      X-Send-To-Many:
      - '0'
    status:
      code: 200
      message: OK
- request:
    body: '{"jsonrpc": "2.0", "method": "eth_call", "params": [{"to": "0x4d72BFF1BeaC69925F8Bd12526a39BAAb069e5Da",
      "data": "0xac1781c80000000000000000000000000000000000000000000000000000000000000001"},
      "latest"], "id": 9}'
    headers:
      Accept:
      - '*/*'
      Accept-Encoding:
      - gzip, deflate
      Connection:
      - keep-alive
      Content-Length:
      - '211'
      Content-Type:
      - application/json
      User-Agent:
      - web3.py/7.14.0/web3.providers.rpc.rpc.HTTPProvider
    method: POST
    uri: https://mainnet.infura.io/v3/a6b269b6e5ad44ed943e9fff244dfe25
  response:
    body:
      string: '{"jsonrpc":"2.0","id":9,"result":"0x0000000000000000000000000000000000000000000000000051b51393cbfee5"}

        '
    headers:
      Access-Control-Allow-Origin:
      - '*'
      Connection:
      - keep-alive
      Content-Length:
      - '103'
      Content-Type:
      - application/json
      Date:
      - Fri, 07 Nov 2025 21:33:07 GMT
      Vary:
      - Accept-Encoding
      - Origin
      X-Send-To-Many:
      - '0'
    status:
      code: 200
      message: OK
- request:
    body: '{"jsonrpc": "2.0", "method": "eth_call", "params": [{"to": "0xdA7dE2ECdDfccC6c3AF10108Db212ACBBf9EA83F",
      "data": "0xa0c8c47e0000000000000000000000000000000000000000000000000000000000000001"},
      "latest"], "id": 10}'
    headers:
      Accept:
      - '*/*'
      Accept-Encoding:
      - gzip, deflate
      Connection:
      - keep-alive
      Content-Length:
      - '212'
      Content-Type:
      - application/json
      User-Agent:
      - web3.py/7.14.0/web3.providers.rpc.rpc.HTTPProvider
    method: POST
    uri: https://mainnet.infura.io/v3/a6b269b6e5ad44ed943e9fff244dfe25
  response:
    body:
      string: '{"jsonrpc":"2.0","id":10,"result":"0x0000000000000000000000000000000000000000000000000000000000000014"}

        '
    headers:
      Access-Control-Allow-Origin:
      - '*'
      Connection:
      - keep-alive
      Content-Length:
      - '104'
      Content-Type:
      - application/json
      Date:
      - Fri, 07 Nov 2025 21:33:07 GMT
      Vary:
      - Accept-Encoding
      - Origin
      X-Send-To-Many:
      - '0'
    status:
      code: 200
      message: OK
- request:
    body: '{"jsonrpc": "2.0", "method": "eth_call", "params": [{"to": "0xD99CC66fEC647E68294C6477B40fC7E0F6F618D0",
      "data": "0xfe3c9b9b"}, "latest"], "id": 11}'
    headers:
      Accept:
      - '*/*'
      Accept-Encoding:
      - gzip, deflate
      Connection:
      - keep-alive
      Content-Length:
      - '148'
      Content-Type:
      - application/json
      User-Agent:
      - web3.py/7.14.0/web3.providers.rpc.rpc.HTTPProvider
    method: POST
    uri: https://mainnet.infura.io/v3/a6b269b6e5ad44ed943e9fff244dfe25
  response:
    body:
      string: '{"jsonrpc":"2.0","id":11,"result":"0x0000000000000000000000000000000000000000000000000000000000000020000000000000000000000000000000000000000000000000000000000000002e516d504554695434564643586d7959374d684e437648557a43375366487a38534d6850746256313942576155524d000000000000000000000000000000000000"}

        '
    headers:
      Access-Control-Allow-Origin:
      - '*'
      Connection:
      - keep-alive
      Content-Length:
      - '296'
      Content-Type:
      - application/json
      Date:
      - Fri, 07 Nov 2025 21:33:07 GMT
      Vary:
      - Accept-Encoding
      - Origin
      X-Send-To-Many:
      - '0'
    status:
      code: 200
      message: OK
- request:
    body: null
    headers:
      Accept:
      - '*/*'
      Accept-Encoding:
      - gzip, deflate
      Connection:
      - keep-alive
      User-Agent:
      - python-requests/2.32.5
    method: GET
    uri: https://ipfs.io/ipfs/QmPETiT4VFCXmyY7MhNCvHUzC7SfHz8SMhPtbV19BWaURM
  response:
    body:
      string: '{"format":"standard-v1","leafEncoding":["uint256","uint256"],"tree":["0xf95e66ef356ac51b161bd7c544eb9326364aa154bd3573e83c70ceb64682c366","0x5eb2d4116cbe92955d16df21579b1f053e6b3731afddc1f9b02b2f09eeaeb3a4","0xb14d38740d8616033b7f5f277270c8dc0c51a1ac1f671a243b632f51bbbdfa53","0x6063d0548bebe7ad952c3624eda89038b94d3e27b95c3e10313e12c6c8652a9b","0xaf72b7b8f53078539fd788c16b62868ccf6b0906d20b88a1c2b8226ed5610c55","0x8f7162b51db8298af87b01ea8dc46388d86f3893789e1add35e8fccd6bad208c","0x42757798740c01f33731887ef58ea1ed49ade8e20bbf62fd397a4a6ba05db7bd","0x5454be60374ecb272120f0bb57928c4238864249c4e42e23f39e7daaba4dc090","0x3c7399714037456c10532cd405a7a08af51c78b94c1a7e979bb0967135368121","0x5f72322dfadb61d1a4dfc13e8e520d3f27a199165b192d04432ef2ed4af76f8f","0xdc720a27595367ee192d914703d798a87e25f11b06c30d77444dee0540acaf6b","0xa2fcdb52891226d562f199d1bc7dd2e84ffdb6a568574b05a534b6c9d500e1ba","0xf11d056f9189c65ae6888f1d98e26482cee3d6fbdec5edb0f7997f2c498c062c","0xcd93fbc6b67c91e71bdfc2b67c5e236789201177c727b34e821bf9970e0beeca","0xa23a49a7e9432e725aa1c704074fadcd4bba45b39155541d9e0ad74829edcf38","0x3a300735be05c1433cb150b6efeaab764aa173ecb57ba843579526df7faa0a1d","0x8468819f3d442119fc39e93f464eb539cc04b10ca0d31d06a2199a6215824336","0xfa444a1085babd875617b881b6bfc7fe1b0294cb539040648e07dd92d3bc5a04","0x02861c0af49a74661f3d3a1748345be2faf5ecd4875df7ea9ef64e2a194554aa","0x51033d3b77dc950e2ea64ebe28cc4ae4dae4bb43994371c0d3267c35a048eda6","0x7f691c83030b6edfec34e535d4c34ce3984788cfd6562ca23c7ff05968dbeb4a","0x4c6779122364e465dff4857a13b9631d61a92b2dd13c03b6f315c520a08b15fb","0x012478e5801e241dff59cdf25b4b5ef3687c29a0dddff0ad90d722ec29d4a390","0x2bbc72d07218b3d7b69360562298b29041aae89273acd9916d69fc8429d65e8f","0x9ced7ab9ae53b86257fdd787e119491604ca996de9cdc83fa3c525962a365be4","0x4fb3beecce6b470d5fe791e7ad78c785b379ac6e4abed3aa8728caf581247317","0x7f7a1d02ae3c1001ca1688e0f177906b8fdfd676634c0452c24759c14bfa0bcd","0xce7d39d91cb79519a761549b32770f786d088c4c19269ab89f82a7d1bf4d5630","0x4d215e251bab649397d555cc60c9dbc0d2c188add8e46d6f1cb8a7e2f5486dec","0x20751843a9220162074f717cf11a90c1771ea86b1248deded9905882238ff6c6","0x4553658cb873bfdad8533aa92bc0eb90d7a1ae4f3f0554f02a3c92189fbc7fee","0xe3a009389df541eef92540e50f7accb117f19c7b14c300058d77c9a4d0aa087d","0x936bcdf4ac4ae93c2eaa7f2f31a025d576d946902eaafe2e314857a3c5008726","0x2d79e4647969aec74b03132af0da90d874cede3290586b919979d1a243deacab","0x309be999070b138787c888669a46ec48d912ee2d891aa09d819305f26f704956","0xb651b346046d0c91f05b8a07bed82e121cea817f6aca43be9e187990c54f057a","0xd0c25aec4f27e1e151197219e5496f62692b51de78b6bfbe654bf04eeb7f1b1c","0xc875c559301d0a61ea56e3bf8f99707a585e11f72975f2fa9a92db49ac4e245f","0x90ee6d6fbd16a35d3b3af0e8f00c6c36dc878cb675f23ab9b7239981b0dff8e7","0x70d0697204daa030bb92f7903b50549388b4136a3b5a7daebdb516471d5cebff","0x4b0bdced6e53e27de18190f366e2f9644a289a133b88655698f51670ca387285","0x36d5fd40a3d7bb4311c073a8da40c7da991a490c2c1664e81605bf7374697096","0x1ed8a087cddce710c345d9e26c8774618c51711d40632b8dba0d4e40ed5139d7","0xbbb0cdffb0914e111c9ef243852aa782198fc8d027ac18d49f8a355a9cad9e2b","0x69c9a0c7e9657c0e0e231096f911d48ba32cd37ec548ca38b431387b64dfa8e5","0xfa202bef08e7cd170f333c7d21ce795b2258b4ff05b66453822bd305c0425f2a","0x649f28da6a69c140d713f18d180899f582e9b621fa5424835c981c56aab1d011","0x49073707c48574c5f688a5c9ef2aad16dba1ad68636d2f1db209ce5a228cb0eb","0x1876db9c53153c2fe914a4446ce8eb4f0c404aa01e79431df392520e6121ef97","0x12b6b8fab6e08f95bbb606540eddd996f2e869eb72d5bfa928d4ed4ad5228226","0xc7aa636cf20c910094fd21336a268b452339ffd3d27ac8f6485bb72852ce58d3","0x54a2812828b1433b8bd2fe8412d8f07bf202d55dc0f84040ca18fcb4b0620c0b","0x934559c78b6c42780f9df48816371ff877e38d9d25c8bdde6cd34d79e3bab5a8","0x510c6a70b3eb68ea618ff57a1a7e5c393004993f7633b37591a9d5e547c6d2d9","0x88118e7f223a66efe36df0767fad5ebb203e93c1444dd4671e5ae46a06205287","0xe259da0532b517869aad7c28323c09e4073bf29caf72220666ca9f1a35105e69","0x5906ce30c053413cfb7cbf9de66a4c6c583c983fe7cc5decd4fc96580c3a421e","0xc09cd266e346c3ad1d20039747ceb1ac32070417eceea0c92a6497263d92ef00","0xc699627d832b1cacdc25fbf145ffb930fa6e829669e23b207e1c5973007798b0","0x901f897803f8727ad9a4ee39f02f2b1a0cb37ad844a3f37a7587df2918efea08","0x1d6e88e273c456dd3f50ef3220888c088cecd24d4e847a5a9c715b2586506622","0xe5798b1be2460af70251fa0b4c0969bd63a8247939bf750c797c9da150dbd410","0x528af9046b2391c54b0a318709e4772fdbc036a7be945d3208b63caa305461e1","0x26a9b6141a8f73d5357ea7d67628e9739bd6b73e79b1dd27b6c4a39f415ca065","0x395191c5cb5f37e3f1e2a98613e88092c69b953df98b981c6ad51653c5d39121","0xb886fbe559a98fabf9d42a22f2acd37902300ea20531db6c73e8b5d433cbffb8","0xf23178bc1af017ed8ac9346f64799aa4f94ba03686312d33fcca65d2505a0fdd","0xadac82c58d82f81e350fd15c9a64691ce1d84d426e87862d16828d6895ffe1d5","0xd951eeaead6b04078a32b1c19dcc7cfdc4c7946a3bc5213591f88df1aad69071","0xbedc24e903eedb3a0e0a1455563a3d57d04a9df184497794aca04b2c29b20f19","0xae8cf1338c6470e2781d47f465482880ce0c465e15f412dd11c00a02032871f4","0x41fdcd62a184574a4d2bf20b30deb8a0746bd5ac4a699d396a56a2ed973e138c","0xa7207e147c7f3b384af8c55a183facdecf8faedd200de0e1d705764d5de28d02","0xf79ad19d38c278b01c3cb0e6481ff21b47ebf6c8db7c94348ca84bafad2e9de7","0xffb5af7e74b5d29cdc60404a353ae5557ac8447b39b21b1f4485ba003d76afd6","0x589bb0e177a0e69d75953a77679c3c1bb90f95ab50862c3b9b66a453460d6632","0x68452d5b462c7b67f49948a8c703d0818de6b9810eb9b022ad5b813fd9723e35","0x43f6ddd48ea5f78e3820e128e76a7c7551d9e523a24524d2537985d0ae884b3d","0x754d49889dff87109262ec9325cb0267e3fcfec20877a53637fdc1b38f1d36b7","0x5707802829925588b1db139e8bb9f22d525b31d7fc72b149692c7656e324e73d","0x1a96ea05eac2b3c64815aa4e8e80b427cf13dd5f220925bb124ab55c5d18c1c8","0xfb4fe721bfbf3546aa64decc1d2a5c6af6bd1bb101344e76369f38a1178822c7","0x1c67aba21365bd2173ec796fd61d0842d1056d5c2d7c2bb9f9021d082d49b876","0x29816e9873146e83b1690fd9048888f21def667e5ad4219dec1f92d56689276a","0x92b93c74f2146dc4177bcb0847ed4475bf306bfcf0e667026e49d0811c2265df","0x1f1ff15885a058def7a65fc9a05aeecb983f2516048602015381fddd4ec438f7","0x12f8d67ca11338e5f5984d93ab839d652843a11b84d607ca84c7d1f70db0e24d","0xbf1418468125dd08110c0af086b182b5cd1fd3f0a0bd6840d0a93376a348d8c8","0xd8e1476acba813bd9bd49389048c43a4cafc0da29cd7989541f9376d3f4ad31c","0x1adcd3082643fcf2daea9a93908bef8247434d2d271fb40a5c064bae20aadd4d","0xac27d805adb31d2fb50a977159f1a09cc2ad57b964927f024135abae3ed7e91f","0xd348e12a7eae9a618c5d955db9cda4f1d0796ab6561c2afc778d6462262e0320","0xe070799cfc0d26fc14251bd7482faa33c4be7a6c0e269e4153347ecdff9a4562","0x8669696c314f47baee532bbcefec61716aa8228115123f4a92b7ab13df83b14b","0xd5b3405fdf7b5187daa93385451238cf696b3de97fa91be08333b1e5a00b20cd","0xb8dd615526de58555c9c15cb9a9a3c7d60e6b1e242811da55110da0f882db08c","0xfdf53b09e6495eba4dbeca48d74b90bbdf226b3e9427eb2d87c4d8dd686613f6","0xb25b3790c9bacf8e512cc3d7ac7f24cabb9ce57850f858a135b1cbd2b1cf0caf","0xce4425077f4c8023894cc1c1d51ccd673fe5fb67a0044eab55fb71ae141c3150","0x4306256488a6372f4a88b6295b5b2c684e00eec0021b53af0218e33445726248","0x1914573af44ad8607b40908189b732282cf73f13969e79207996d3c02315ce74","0xfc5d07ad423a9201ad0a3c06baba2f31b9a2f1d9f1c283b83581c1b3a36bd28b","0x36ed8d69eb2d35ef7e913afe4464db0b1be1b62296c44039331535f7d42d6eda","0xce16edbb0b222387fc645027a96851d00d0ce0201b2a966bb523ef315e0a5c0d","0x4799fc12202675fc992c9f5313515eec84aa0a8357119815d945b1f4a781ec7b","0x9ec6af79b004c14358339fe894cd493aac7edf31e3029125a1db8608f09b2341","0xe27efd703adb56dc4edda903f1d3b885962060576867647dc0f807058f1bac19","0x48bca8b1bcaa5a5d80449d98331d7c1cc1abdd15dea27d404058ea0f92a1418a","0x6a87e11ab5c74a22ecc7af1c37434804dfcbcc1b96ff29c00ccd23c84be45a46","0x87d8d6c02758523f59ca012a8c0fb99c77f191394f5c968642a622a28185db23","0x11ea299ab814966cb828a4b9a050e271affffc13cd0dd01d97e254e361122956","0xd5a14cd32c143ccb9efb84f33a020fd84ee9309db8380a01f70ef00f44555d53","0x89715c7ce4e2b77611fae21aa987047f121e0c7793524448fa9fd7a61800cb06","0x863fa44563bda1a6765a3c03967557aaa617922580602417eae147d0410d1712","0xcd2ba715cfcfdf35b9fbe91d6b9fb60eabb8c673e034f28e5d4d283b175ecad3","0xb82542d28e13f122a6b884aa1c846a47bcc20de6fa48b0cadbc5715a007d530e","0x3e14a89cb1f9323318c18d63b62075ba89406cb04e1110aed617439bee7a8bff","0x2bbfa3228b0492240f806d66f1e6229e1103505ff70cf169bd6266661873027c","0x17abc45faa2cea2155a681b3ea58e18e92bd12c519d520cf10e6442f1c681693","0x73d97a34f91def75a7edfdfe96643153594d8e864571bee7bf34c64689be0c60","0x82ff2bb65ff91a04d9679e2cc6f101cd97d571b8015a50778f0e23cf351c812d","0x6ebe32aaceeca4ef7790a7c8cfa9d2f88943cf9835cd330b5aab6e6f6551a761","0xf8c012452fdbc1254f75708b50748a6b7f13bb0bd3f066795c659a24c3ebe185","0x0110bed81a3a4ce3d69b0382ed2753bcdf1dd6b0cb7b5f1794f224d7bb50074c","0x612834b6aad1dc6672233e428053b30ee92529876285a428187150c64ef751b4","0x44c7aaf9e1e4518020ec0bc0b2b31e3797cd802c48a2c403e63eba55e4596dfc","0x5f975da8a987212fe33a5ad7e6c759ff28ae956895fbc8620db9fb2310cc9d62","0xd19da8fc6dfabe48a30d0d3a74661538b06817b4944b797ce6881d11a8de6eb9","0x456a06f1857c0a5c4660311fd8dbbb024ef4fa7aa31317289125972c635dc08c","0x14f086112921eec810d61c88e4bd0f98de0a308948c61d4707afa4d4dd153e97","0xee369247028a10def7ee77bc1ebd14eb8f4c41384fb964e6a2baaef70dc040cc","0x56e5adbd3ab474ef6b26a363edc111fb734881049a4737fc2429a2d427d9063f","0x13a2230ba47dd3c0e3a74a725ce1fc71ff08992029b576f292beff25839ef5e7","0x86cf9db5adde9e6bfc27b545ac7d0bdc1e19125cceb2a92ae8e9b156b0dbb700","0xbfdfd799ca32c718e69ffc6988174c2655bb8a0aa8a6147b95184ce2377b94c6","0x47b4b41cb83bea258462647fb5417fc5c4b51b3f1ed99d006ca6bd0798f5069b","0xf682c8a098b25e2ed993c170381da1ee05c53bbfb74a1e66b5b6be9e6798ebcc","0x9f0fec7e3c6adb25f43248f1e6fe3abb5eb5b82d4a9409979fbe81e0b48bb3df","0xd53e3fdc804bae147f051e159abceb5c40236153c0cbb90de608060ee2d4540f","0xa19cefd26f558f468f92acef702119fe07636a492df20ef1cc3c80b1039a099f","0x1bce425ec6a64862ce131478a8ccb7350ea98f6c91acd69d1a34c9fe5c691e1d","0xc257210137246660086d08436089d43f20e55f4cda5e44e5d503f35e7fbc2c9d","0xbee4eb1be75db470130dbefc42db550b9701fdacc6d65e6c907e8e1f0aab0d05","0x1bc5c04c7402f3456ff2db2d3b6b956bced0b1656b3b8482ab6db8ece8e528db","0x2fb4f3283cf237ccbd25b8f824df4d2397f935cb7a93aa8cf366bbe2fa8b3801","0x4c526ea4a3d4ef1d3b8263bec1268eb950ca67b0a253df6994cf7c325989fe3d","0x1b42025182db1a9ca00a8d48f1fcf49efacde9312ef94ba2a1f8c3273580d6e9","0x2e719bcae216baf2fe6c3d2ad7896e8b6608678d446d25426481d893fb9e2101","0xe449ecd44cdd71916ac97b1e925a2623a7a842e22bc4331f9e9d322c6f1a9d85","0x0bd885aa4bb25ebc1063b3df44bf9bda91aca34efc3ced69de528c1bd8b71203","0xc31084bb309b838039ad63c8591225298b80d2d648827d448137bf98ccc04b30","0x100ca37ea1943ce67b8b0df14fc4f4fd947a715f035d4ff3f13ba05da6ac9099","0x055e1e8f44e9e89ad3f341fc74e263e1ccfd8defb5b295e88d52fc7d99a665e6","0x4fcb3db5df4e2f7d882426959cadd12a3a69734e77147d142e1325a76f578ce0","0x7d9d8aaf50a62ae2dc5e415d7ca15edc66f9b5119b436d51a006c925841fee94","0x590d0b91e6d9ed00e65a0703237d646295a0e5c5c6eb054fe73ee6d8b7396f6e","0x1823ac276967b0ef8ffd3b4d8c438cbca546b33f87632c31d8b47d0c77f5d801","0xd64e1e82d81870cdf2430241114f27dddc9d0b48ca03647ecf9bfbe9cc8c9ac8","0x38c32b93251d8c83912e425a83ab201830be4c97d1673910863ef679ecc0a896","0xda5734d796333ac769429ae1ec9368813cbf2523521bd9a237a1f093ee5a981f","0xa1b9a17d05a0732b604c86e65a69a73c40a358f47b24a094a073b1f2861cc3fe","0xc52860746e539ef04c1569e2b51f508a83b437e860a6612e2bc7011774222216","0xe75929923dbf71fbaec1ac8a3b039a97f93879b1f085798d143fa7ddb8fe485c","0x8e10b82aba826fc172a3bc428560af79a9f3cb911fc15bcc8210eae984fda997","0xd115853e3ee45396323b7052b820ca53abed2dd9318537cd381915c90c2ea0e9","0x25d17ea1f77cc09e96f50908c085bae9f29d5b70af10362bc1bdd020fac0900c","0x8aba062dfd93d840ec7efc8a9ec00809b00c4b37585252482bb377580941845b","0x4eaf7da9f9c8df2f0df5098cd9f1f39077a504abbfc4242ead7b0d2b5adf6645","0x7677fad6c03191294a437c1a049ad012a28cfb96fcf1354be84e4d5a76cb1b12","0xdd117a7af77a7a89efcf70aaea773c457aba87563a6d01e88478205b22a0dfeb","0x138f549180f041c3b9031bdce29b8e0844d7e1f2bf6e010e814f636748c7300d","0xafb5585f324d31dcf982e4fc15567c005bf005c385ee4e9520b26b6163f814b3","0x91384c69ba231c971c647ef0edea479565ae9d2fc525095cd474077614c018e9","0x622e5226106068cc190aa2e348a50c70d7a205651c3b91ab0c8ac1e940985ff5","0xfc52483021e7b9deff2e2ea5d79611d96ebe0e75b39437f1bd9ee11957960b26","0xd4d093a7a57e1b734480e9d0967805ac9fea95503e64f944dc31594926b347a6","0x517e40b0358dffb8018ff3d423cb984c19a97b2a5c041a8ee75c18380c936815","0xf964bb9bdf0975690355c00db143b40cec20384155b6e2a33f90bb33a7a69fa0","0x07f0a0724d1f32d36939141d3b70d7d0bf9fea5c99f02a797a05d2ee45b2d3c9","0x2504fd678e9fe40ffa44c0aeac4221f9ed93f156fa12815b5cd0773262aaaaf6","0xc52d3704ac0325d06bc9177eec6a2292ded8390d9c3144835456d1f7519b3b8d","0x119e245476bd2f69e23baa43dfdad7117371dc69ec983510f8705f95e01c7f53","0xd439bfb47e875c1d700eb8016cfecf4c9fc7991bdcc3dbd8c55b65b3a81e0558","0xebcab43c1cbd2f8f08bd063b5eb707ba5744aea30742031dbfb160fcf9178499","0x9b51c500b2c5357d4999f6fb385cba8f05db359ef726c9e17b2f819be2b2a9d4","0x92769001593a4212a5449545095a6b73eeff18d0ed9b20a78fa8e663f8de0730","0x0ffcbc794fc4206c9490e9c5bcc53e151c799fbbe797cd838118d9f15be3c643","0x02b3d52cdf64761886e7f27d716ce1c592d14f7d7cb2a439a80b3b03b753c80c","0x309d6ac6c561f5d0012cfedc5cdf40bd524063914391c115dc9f977a0e6e5252","0x2ee3d1b174ce4f8f06e88f3e5871aa2b50fe9d71e9b45e25cb47761f2c8fb917","0xb1f8d9169b7b13121f843e17fab40a8ff77b834183ff617b76cb43423de8e72e","0x50e563854f14fc2564e03fa984d6a39058497fcf67906d56e894429e3b76c24f","0xef63b6ddda07b6be3be5c08d639fedd14332e6c0f5bc69116a15f167fcf987eb","0x9edb837523fcbf4012e04c137a0e8b7b21eaa414207dd7756ea14ec48c906e3f","0x6364f592c16911c970d21ea24ebfe39e1eb5b296e06fa1636d1ec4a53bf6fcec","0xafa83bdd909c4edb74d5b3c6f93d6b59554b003a6cfbdeeba15c3c1d09026aa5","0xb02f1912a0c9d4557d142140a32e77637e3dc7a36cf71ff0ec4f4670b1122b9e","0xa0a08b18a9e824bf926f4bbd9695118e24b7a29cc63b8aff58ef6b03d8d547da","0xd39a236ee98c495b3fd6e3e71c73d88ada0a5037dd026ce5405e225c8822a462","0xc07958994292d5f510a9b41141c71a7a6219e9da7998f6f500f7e0e3d524e300","0x67044c0482df0e7477f654f17966deadcf8995ee7abba71933c158ebce129010","0x4c44dc426fef500add5c173a0b0a6472bd078bcea35406c0c6d6dad7a03febe4","0x7ab681ac089e434f03d42265b28c46e527c380101487030bfa26cf827ffbfd66","0x40792c8e1656e821d91d10452dd78f1962799b3bfd74ee83565164ec3cc3889f","0x96d34506a3c3c856a454b2cbb163fdb6bbd89128af465b7524849d5df7f0d562","0x19cef3644850daf6c08d3cdbb41bddb9e50316afe7337c9e47706b9e81ea5ed2","0x0629392138b099d2a67f4a5e193c0e91f79c6e3762a0ce0691fe3bbe9c446a55","0xe8ae82941532c4eaddf83967101710dd682ea8d2dadc1bffd09dc60f0780c042","0x1fad64885e194fbeb67d997df0e4447e0e32ca7c2fa0c2ed761e0546a290a27a","0x394f0c3c815deaf45da590e209eb07fecbc77955951270a3bd3e4129dc8fcfad","0x8ab8209db4be0b99380f6939aa5e925578ea76a471a06b6e3ee4c9995ed2090a","0x31834c3c2a51dec7daf4437f490222b23af77401c6c759635bce5a02e291cdb1","0x7faee855da9e8ebebaf91e0359e7da20e9910d005d23ef4f80db2c823cb028ed","0xb08fa778e17ccca481cc8953bdf05d35ca2c88073729db30f92cd08855c1517c","0x4d3cf286a9082977200a42f3a38c22b2f1f36e4c2cdbbdced05cfe6c02cbed0b","0xff25a62e4b507f1afc5d805ebb252c2e72fdc617b8dabcbd83c6e21836c9e5cc","0xe1e1fcde366ab6ead62fa5a602555ff69247040ceeb397bc8d30077a144d7530","0xbf7c3bdcec64a9aa82fd445917d46066c1b0426588958b5064fc427a05d1ef93","0xb08df54f622907b9af17617c76910f872e1a46cdd9040645cbcd1b8a3cdcd7df","0xb307455a150406da67bc44bd065844580ed3174bf93af4e905feea5d31b56b67","0xf327b532ee81b03ec1d7bae547b45cb6bc47df7f5bb7df27aeb416292e0e3356","0x31d70d430a0c9b0a5d7711e30fa4b5a800dc51c89ca4aaa56d7e1ec1f536f01a","0x8b41a6d6bcfafe9275ddd480cce790f23af284936a20fd468a1f2552759834b3","0x044637b5899282479e9e14218d95257cf360754620522aaa39b1917145a4cd05","0x67ba56aa3d191331e5b640ecccd057e6f3658156a3f61e32ab149e17aed2f5ef","0x00f1afee4974d28b8d4f5288e6ed91a2529f8306aa188feb704a2fd180bd7562","0x388ad32f69257430d9eda7bff590d06ad384ccc10a325ed17720bd872802f898","0x4d195ef06a651e5fff35376d3c0582a1301a8bc6844a561fca77fbd093f45d49","0xeee43af8db9686105f0ab7641c763e0fc4bf69a09357a23250e1d8cf54f90339","0x0ab9ec570df2690478047cab6e2d3854238878a5e2c9e7150a858137498ceb66","0x43d17a278b41397566fd89c1d97cf419cb1902a57f8bb3b34400982eced54b55","0x191871678654a49bc6da37db55d71fe493bda34d311f6753ea180a9251d44cbd","0x844b9d973d11b98416b9ae2bdfde6ecdf369d2c9ddd69dcb09a9c5e0055ae3a0","0x775ecc7acfc13dce447a5f8772a9793380a9631e60aac0ac03bf30acbabde929","0xa4ed798b9caa777878b591885a459e9ed2fbcc265fa06de5b0e06c2d35e62bb1","0x5fc4a759c7462dbd6ad513fd5bfabb3fedb3f1a13f746f268d6b225b585fd924","0xf8363e46c8b8014d23ed3a4cb88f2fc48b00c5c829a7ad418ae90cf7877e1caf","0xddb1c425abb4b35b1e25e1728573e7aaa6bd10e6bf560a7228d536192729d994","0x4ce43da3b29c1247d99c4e984508987ff788aa6e647c9b947989670447b0a683","0x7d1d5d869c9a13c5d3e3c2d2577cc66c3e1ceb363f3798b9231d7594d2dc955e","0x08a4c887d16beff30d2ae5e4cd7df9e6f24e0c4a21f3d481d400826f02be09ca","0x44753b6cfd4846bda9c83f3f86b48d7809ea14913862cf198e71ce8076908bca","0x82e69df8d640a374e76e48915eb124d4a582b6d517d7ea6b05f4f471f9e7bee1","0x874cafa9721e39e4ac98f1b358cc2ca74d19b62d7d18cee44e0535a672cce0c4","0xfe25023affd3b544ca46dbaa7a50abf3c1c1c9d889d4ef0c287c199400bcc052","0x7ae2e1f1d51e4f21c02902f653e058bb702c3e3fa5503f02054d2b1043f465d0","0x31365f84ba4370813a62d1770c61e648bbe57f139b9405f92fee0e9327cba085","0x55616e7bdafaaf24893e40a3f5ba07323ccce93cc863c8b9b5f581596daf0ac6","0x37885677adf591e9d578b9169b1a93ce07bffea317d8ca707b0f0267d535eac7","0x0ba58575688d640dd0c9a26822f419a81f1a5a8526536d4acba0483f92c88910","0x7aac63aec0cec67fe5424e9b40ca935f0f2465394953af8d8749319f10366330","0x7f01b05dc26bab957fb0b0cfb4548fecff52612cece3c57da91d5362ff4a84eb","0x29401b2ad04dee180fe1ee0c2d3d3139a929db330291fa755bb268922a0ec69c","0x100b02a6746b7c83207af4222b43ae6e12c8714f2c2fc8f964b960b9c0e790b1","0x193be3540cb17ce8a11d692f8c1ec0c5c743c0779b84cac8fb67e4a37834485c","0x68608e91679c4a2d19cf1d544695822b1d969cebb009159c5aed9e42d3b77b86","0xe714a56cf6c35f379eb34893344b8ccee4a04451da4097999524a6c897fc2860","0xb60147233dbc5f24e6eec14c86558d0e30762a92acda36fc25caf2ab8203ab33","0xe460aa9fa56de761f3f40daea2e7df92264b3f4af8ca5a883d0c9eb168f37039","0xafc46e336c59f09d84dbb61ba2820a25ce81c5e297151b6fdd9451561d330c9d","0xeab6a5c1b8b5713aa68c55f7711b1c39859e1798527a2619f488af63fe3eeda5","0x6e9e82739f1f0f6e5cb07ff2db5f2497489e260f11f145d72ef0f66d2cfadfd8","0x4a06bbba4dfa2dda7cfc28158280a6a649032a80a6d0222b640334d66e45f6c1","0x3a6b3302878b28f68673f2ba692278c27f9963bcd92c4e8762cb8ff02c629373","0x16296019ddb2193cf6a587accf503efe642380a3cc46fbe0de706767f585847c","0xd2efd4de084fd1f436c197f861a44a325847316388ebdf03d75eede665148e1e","0x1bd7ed7a59326de59f2f737f7cb4617c5d6bcd7027288253426e896336b2ab03","0xa2de83bcd853f4bf6c2aac2212ac0b439d35c42e614e438f3f6f3b6cabc03059","0xe9923b9a814035e0abd8a5bf4b1664087e2c06461646a45ca1bf897ad0410df0","0xd7166d726ad5c487b41cdb66906e28e212213aa98842e1beb1f707613ff44dcb","0x1551ba9683a3355a71d628008c419e8d9c347b5e98b83a93a5ee93214a3317e5","0x2929a5d7799c7cfb507f6263c59b48e560b63b10f46eb172bbd6e89528622d19","0x5d97fc7e7a8add7334db6a2bc2368ad341d58de1a96dbf0fdc6256a4b9d6573c","0xf68a91918f78fe4047676ec649081e3f9af0d1742b6d5bb0959a2b269a2f101e","0x104a6c70f66bc3fbcbd672c4dc3598ccb1b7b0fc3dbbc411d516299ca61fe06f","0xa58d25f3b3534e588b031d2b396c68c66def2719cff70c8f374be59891599f53","0x06321035c7c3a401b59eadf276c61f90d1037517fb2102b4ec6b77d3fb9b6d9f","0x71d10cfd9aee13f1756a268197d841ecccc6bfb169358930e516b5ffe932bb1e","0xe4bc37fb68dc9535fe3451087a46217c98b119c60691954aa3d7d37d91035592","0x2d91dea45eabf1a87038210cefb51cefc68c8e3ee31ea0917857487d2d6cbf2c","0xee5427414a6e59845924b1d0d2379dfd86ffd614f702908e9d7e9b5e7f2faf55","0x5fe93274a630e35042d7c1a4bd2462a0c392d40849f521ff653e212ca43ca337","0x342c07404975d4882817e31a012b1d25da90d072a71b0964bd32171fb9469840","0xb97fc1cf588505a60bc86154c1fe0930bfff31649e0616864a2c95fe76681e45","0xa6133ebc7e72bf2bcdc31ada28187242ef14e8ce887e7a02459c3ba5055cc541","0x1e6761999d1b1b7f4aea8e2aa0ed4fec2724cb5633eabf131bcb39e83fd6ad9e","0x7b802cfb80093e34516ed5a011f11d48d32d16f8b2a99b46fe08c89555a89ef7","0xfedc34253cdfe4c68bd5e714cdf2eee622ba1129facb2994a95b2fd309cf0163","0x96111cc01bc4bde4f5cdccf4fb881a4403c3c197a80cdadf6113d8ac3f61617d","0x309867fb027e87db01b2e2d5acf645c69422f2f0047918e1283cfa3921d9ef1e","0xdf845bbcaca1f7ad30f29c3e0c1bcdeedc02b3c3bff37b5d5ef324b84272e1a4","0xdf26cde9a890fd3bb8e1e2f7fc5effe72cd7e17cf82b24cb620bb09c9a91aadb","0x42205f2ad190df980e808cb7960ab8aa7ec96cbd62060555360c72d831e686f0","0x05df54f0fae6c1d20ec02a2af2142ca82e129eb350939f83f7fff1029c0a6c62","0x5fdde50afc240fb3c5cbe36ea5151042e3f47e4a8935ef90283d6d0f3bd97d2d","0x417474af098db410c77529d41863720fd959b8cb20e50d9c83efe72454a8143c","0xd955f3b75934dc5e2fbe5bb219c763d1dea00f3b6595319791e57c45e7c62fad","0x0c71ed21d2b7db7aed487251aee184af6cd13625375857b5588edc446ca6dd6c","0xfb0aeb36a19a2dfb60c4a697377f79ae11172753bc9ccb686a585a1c04f678a8","0xc2d942a48bd4952cd1a013fdb1e19b6d8e599eaafc3de2b88ac3e0e45aaf03c4","0xc1e75e4854ba72a3b79574acb9069becabf3307f093883c7bd98acc6d6ce95eb","0x32cedab59194eaa20b5efc5cd79d2a6ee5934b3d716fe689062cb995c634c288","0x8eb0bfe61a73b714e8fddbaee85f09ea3b0a0546ec4285d9b2eeff0f2c3f703a","0xc5d4967998577544a54a5532b2485fe4fe3040ef8dee3179a88b7fd245b023e4","0xb4950e1cd6dc2d5d142f554f1c3124977f256b7b0cadd926233da47721a9dce4","0x3ea6de9fcc7a91f1ae091153ea5745d2bce8834bcc6f87feb21c6dc279e44283","0x225cfe0a4bb2bfec8cea3e4db4b995d5dd7312c92558f14e6e796714055d71fe","0x9c33456a156c0dad6108aa0db1f5587fba1560a3d52bedf36c1cf0f67a06913a","0x913a59be64e5e9a3cf600f477c0c8c54e88acfedf4b91421ee8463a9f3d8a9cf","0x6e336e7a5aeca532ca2004791521e7bed63202d76ba005769f472d4f1a2cf066","0x8af5618e5181d0e76a1f2c9a2f87006b7945f82ee7c34d2de8c5c543b2bdc61d","0xde84006c3418d7b8ee2c033ff0fd467c1470990e2072324d9c32e3530d0f369f","0xe0b8b863963c0838824f260758dee356346ad360cd19713c7b859e43107a68e0","0x32f76f02c69dc4dfd7f612312f4803f131eef559ebad891f5dba4219d0491af9","0xfa3b603d862b3cda9dc4b5b4888c62c8ff87df6108841db29ee40346186557a5","0x92bfe6f502a269a30b699becc71f25c042a97378c68211b4594f8691667f1866","0x52175e7fc843a660e6eaa85905b2af2b90bc3f0ec700371cd765e84db0100d93","0x732c46a9728fc8bafd5b48301803e8b7d5a47f1cc75c74d9af0c565735a22d92","0x790e0c5d6a626fd02369e01a36da05182bd1fb9821a750e13737ba10f7e354c4","0x4a3ec345080bcb14140d144066c292fa1b8f7d313c9f7457d034d91f1e5ccf57","0x05f2c2f21ab282466074e8d557a16496e409fe9f277b3e6897d0453b0f23644a","0x1dc6a756a093a1608f3ef1f64060a575e22fdd8cace133cf745cb44262d5a12b","0xd90a3df5f3ccf6c66229071bab3f85ded8143a8c9ff383082f0bd0e848675e05","0x3929f374c4b4d77bfaeddceaf2637269f5668b3796ad265435ddeaf55e6a1426","0xd0c8888b44122f1e2746ac71286d67929325dbb05bdc6594cf3f2c3e2d64bef4","0x6af5b54820894a4a42a1ad6408686f71302d4627aaf1a9c98826fd3c4418f416","0xb46bc065f9327ae6078fc259e9c4965b8f14c646bb78c9b8d0d9f565ff41b4cf","0xf6bd5c4c492c36c8d748ec7eecc7bf267d67572c5655c05678bafd2d0889ea6a","0xb6f5cf7b336ad8d1778e747d91b09bf665e6e8d2d80f8a4b27011c820cc4d758","0xba3f4f030103dc90d5a10b243b71af2e7fd9b21e73dcd3e12c71a42bc6b2dc69","0x298513e7de991e93de837552c597e995fa1da0e30f70b77afec6266fe1b9d5e1","0x4fb92cd7dc991fd509740993b76723ef164923117f92091beed88911782d9c6f","0xea23eda752e2e28585072aa74b32ed55fd71b18f5b3b87d4c56126e5928ec990","0x34783add1763240cc7674ffe4e72891924c1d29dd1af5992c76879588ad5c2fb","0xeb1616803f35f0ecf8c767f64201452e24d36b8258b05d1c86e1ef4da0661668","0xcc6c46e2f937347e73d88c910208c70966e02f151bf3f7825276f33672120191","0x8bd56f71d310a3fc2d904b9d4643437cc43ddb8681e61d74b6affd312aeaf258","0x7a2f0952b18ef5effe9a67a3bc7eba25d6502eeda94c05ed90182c689e11e563","0x17d000a012e2617fb645ef7153ba748aa7e6f1df9e29b93e8efa876d5c574571","0x987449e53c7014339071de70e2c9de4202804672837c29c2dda9bedaca0a6416","0x33c0753eed5c9940e4c3bc4c53ad8ec5f2fa5d55d3a68af2712b4c4b826cec8f","0x1bdea53f7db07a827fe8f7915b1acdb3e98ab638c0fc3de04ad4e93a7aeb9637","0xb58ec2823c63045ea1737119f7309d3076344221d90894986e2388bf5b699ecf","0x7c597210da5b59d60887e74fe133a7adefcf23b0e4212ce8097f57154ec60723","0xc776dc61b5e12ed0e4f2f8283b1dbc799faf987aca76884d429f7ad4f89bda24","0xc6c489f7e200edb3c03f94460517a5cf6d8e054dd709416c152dd96e4451ca8b","0x88a62338a57a146f3e3ae008d612e36e852bbb64c63e5dc83dc0490721b2f427","0xe4f08a9c8b9383a2018ac1297e4afdedef02372eae66f856335bd243ff426d5a","0x42f25992544141dead1bf4f93cfcb339dc4e215b8dd4d522cc10840af6cc4632","0x18abd19975e7f3c060a0652e808dd606eb8826ef1e795786e7382a1d64ef0001","0x99e401cde37aaf37a168afcf4a905f7fbb8b127a98012510f8d6e7676e16ad0f","0x7c96e3b8f0b0011a6ba81b2e1b244df9be560eb62c64a1e297ba7550ce07449e","0x90969dee950d7cfbeb32f255723b7e94e527469070c76bd8505f6873c259d228","0x1a3f6c09b4e081681464e2a4a5d973d9ff38e8c2918d7551c087479f59a9f7d3","0xa7061faa85d9287264fa718acba33ed36f359748881b1b74ae4fe3c7b51898ef","0x16bb60902f7784bb4fefcc6c20794fc37548587a67aa80a6e4099d84acba5259","0x9814dc929a8cd815ae89ad54b5334bf91ddd34eff64d6db163207d077433bf69","0x8b7ca3e0f8f5fadc8680d92fb1c87e94b80b2dd321b2ec9f83bb1b363f56f640","0x018e9f6c813ab1c3cbf97b5e2fea1940ef6c68c3c1746684da2ee2a327ee8640","0xd4da6d4f60ff7b536bacbca11f6b771f121509f50dc658913c7b3a703dfe8e5a","0x753dc2dd55f3171a460a10d0f07d8710ea5b3be0fa48517dd6591a68bcb807fa","0x348887ca920b158e6b2964195572db86754402efea32a328ef4165463fd9d0c7","0xce82513fb479d71a72b24e252e3dd82e8867b4649ea4d004851d1a294a047416","0x1154ed0c3cc3d2c0776895c900e3e2da08e83c0d13f9b706db2db7086c2db08f","0x95d3a446e20df5714bdf60569723bb9c369d1b779d82d341faa39c9f80931d51","0x690a0740c741baf6cb4d50f67a481a1cc7c49e33889af7efb6aa3b8040f0116a","0x14140632605e52a4c49754b2bafaa77177f5ce4b666ae90b8d84d8b1587da373","0xb791153f0281d54a9c1368ee15a21a3df1d4b5a1ea885ff38e66111b861b6df2","0xe7cdccbbcde7bbcc2c83df992a501e96685526323ecb406e8ad5693a6cc93d13","0x1d6de19dbd979656b04a885a2743bef6569ce83ebce94ad2522b7e2179bbcde8","0x7e2adc8f6fcb8fbec8b4e56792f5f2cfbc25cdd5bf4bbf5d9278b48279c96d44","0x9f6617707ce120f3905f96cf335539141dbc2c10f27e5105459c1a9243b5ca16","0xc300ca85502ddb47222b9bef0e5a89020e68bedea4bd1d9e511e715657ce8356","0x386bc94067d5d77a1f9fa8d4c1da522f33c2a7cd8e97b41383010936db2c215e","0xd24718a3a650d436ac8ba278454ac0947c4c6728f357607e7c649fb2d99e073d","0x0e03aa6e1a6c45ac7a062cb08e7a7ac88e549e17811e8ecaa5cf1393a4f22d8c","0xc20200a3cfbfb06cd2191c30ed2806a132fa583b47951a521ebb84b8ee0a29bc","0x22e81d0fd53780f9973e533473e6d2f846cf827f8d78680f5ef927e786927f69","0xabce6bde5e3c28708116763a07cd3b32c05e982aafefe0ff78a6e40a22f313bb","0x10b02c2807f8e81e845156786dc987ad3ead6b365f39804dcc25b3b4ce3d08de","0x157cb79b22291c6204bed3056ee5bf66ab3a02e48962c0cfa65b9eb0686b6899","0x1a76ca7cc6d0ac9ee228672640b45de8bd69b84da3ed7124fb023b475c61db6c","0x7455a3c2721b5f87bb9a89cbcdc8e89dc5c89d2d47296d18d8312b8f030e9d42","0x78fa97cd992a2e336f5740ed85c11da0a00db403f6b3749f0dee3a330772c65d","0x1c1db50cbd69f74a031e135124aa9593449923849e4e4fbdca34014abcbad875","0x934f3db0b4057f75e0ad298b9438e1d23e8419f497419d7fcfdc82c9ac3f0e47","0x5c754138b461e8406b0fa8f3016d87baff9062dbeae5d0af9f1d56884a413738","0xb9c41bb61cb1fcc6d6b809ca9a49c60119988840e542d9c28ef9a0ac419211a3","0x1af4dda22b6bb4250f3746f34659a39e36c7daef24c38b81a143d5499c448d52","0xb54c1e17d90e6bdd24704f0c4158b4fda60658104d845acbe60f2213a1f192fc","0xc0c29448a8c8daff290e94982605e17ca2e31cffad8187eecd161bd425dadc5d","0x1a3ef5c989932af0daa9d62b549fe4b3fe5b22ed97765b0b4e3ff327e1d692b2","0x67a2c0af754994f20cea27913f107d8e8d742ef63e7d2222d14e89ad732e700b","0x8f34878cd57f3f3477a4e35a3e17d7db7fdcda85f0eb689142864be390ac8a80","0xea7435aa297813a9a8d4b812b4b601a38d0c4b1e1ef63d71c098990f1dbe8edb","0x1b5833d885f3d5cc751875782c4d65334dca58341442e5ed067f7f3072f518d0","0xf7343d7b7d1d368b4c32cdc6a3740e00485d8014755af58865e5f1392ed32952","0x697c758394032607b6e1cac88abf055f01e4530b96cd76ad34a71b20fa17e9b4","0xde761cb888779d36727f91d9eeb1112f920d989522dcd87c6c371d7f7d93fc40","0x1981f8d9abad1ad16180e627e8682e214b0929ca6d275fdc1fe43426909e3c4e","0xddf04b1fca5a39a192fde45716800f9f7506ee46050f6ab31bd2317b00a5fd66","0xa1580e9b2a33c20b7e9895555fd62ab573418ba6b9df74b66f9a3fa303d4968b","0x3b71d41bf829e0b16af865259326d8c1a8467d62cbcd24efb577bf54e821c0f8","0x11d22cb5335e861668fc672bf5404a4d06ef23d0fe767009978ab15f7da9e957","0xa08a2e1732db3dc6741bb92f6b3b20de5e0c57f8acabb73854e51c670dfca324","0x8464ce1f3199109baf41302cbd532715039b383daa1ff6d48c219af273db12ef","0x79e93079de90efba8300edaaeaa65e920a3c1dbcfc38f5a8272325572e71f946","0x5798afb47940d2839d55250552d964d7b51e695ec2d5d30d62002f77b38cf46a","0xffb8724464db3904888b062ab1fce7fa2c9d8883b9b34ddc9b760329ce11f43f","0xfdfb8b53361c6c7c4b43a01fd19ea55eed521225950699c85df9d78b3d2631c2","0xfdf9dbe48daa6b6d91f994b393dda2e65a7673155d6c3e46bc0f0021413ea44a","0xfde0e605d6f058ae80dd9f7562571f2d929015e60c511b231f27eb1ade3ff9d1","0xfc8e3241aed72e57dd33b44f3dfac0e547211d0fc6bf4369a6a67354caa38d2a","0xfc12977e0fa823f5f54ced67de78ab4167742a9020798d1d62d6d640e16187c7","0xfbe763e508ec6d937c89698faaa8e2772e600ddc207795ad8100fc46c94d25ef","0xfbb2dac8f03beca3cd81f3e859ec72f7673b5e8aa5128be888ed82446fc5094a","0xf9d1ce47431a1293ee3f872b290d8c0615413b58ec3ceb0d0f2bd0f39a462531","0xf9ae4345f5dd9ddfc596cd39b1c7122f26cbaa4ce7737529d5dfad8eb2dfce56","0xf72d8316e0017c15ac995e115a0ab5ca96c7e2fdc28942dac70e9a609edb55b3","0xf6b704c9d337509f12b78d7e70dd3ae25ab4391e42839b583ae427e515b95e01","0xf5d231cd4281133c702c5176648fb456fd94d6ac01df458e638338c089e7b103","0xf4fe35894972f965678fc83bad19f6bc75798a025fcd2d02102b1cde9bda072f","0xf4d3273920f147156186c5c592894718730ee8475c3d29ece2c1cbc064f4d0f7","0xf4ad0bcdbfe9845f299ae7803b8c07b9179b5b463d65dbeaefb9ce3b22be84ee","0xf377a005714af390b3953cacafd95e41f6ab88517499e7b6f5bcf5c4cf1a7691","0xf3044b85d9ca5f7eee9f6c99f11b923212b24f31af0c2185331637aa17949946","0xf2de4209193cb31365aad4f01e2a60ad480a6daa3675c50db06246c581342ebe","0xf285c2fffd4cac0efad43ed254f9d2b162213fa7d02bc80d62e95076ddc7565e","0xf21d92053fe49d24cce43cfa39e2ac87899a1ed0e0e967f22912dda5d20ae7e6","0xf156652d7f9cdcdd5688ede35ae3638e81946955bd27f309303b8817ee063c36","0xf1363757c52712e5594ab94fcd58a2d5105a0ab81f1ccb0c6c93b7b911298f83","0xf0fe4c26db1b0b7812d649e9d2e8a03d5ba4b5d0bcff34fb1d256bf5c53b14fa","0xf0b6fed2f2eca8accd73b68de8095d12e39a9cc19411e9d85e2eb4929c947d21","0xef79f01ae5de7d0fb7c83f35547f92577443f0043364cbf5fcce9d39e151021b","0xef25844d536ddc2269fdec264fb69199b18dbeca7ed180f5d783f0a5bf147e03","0xef1e2e4767bb33b8e16347db221151b98dcec3f7ed46d89f5c9db8b6da665ea1","0xef14974902ca54299af5652741f2b43628ca5592003387485cca6598311b810c","0xee3162471720ed04075a1ae40a92ceea9bb8e5112746d654472bc187f8b233ca","0xee026ad06aabb2e68ae1789742f958651280f9a03acf9b8770791ef7f6ca4628","0xedc97727899d665f7762ee79bf1ccbbf7c9bbe1a7ea646292f1f019e0f48cb7b","0xe94d9eec6c201c5ef0fe78a6127abdce593c199b758138f72ef7e5dd812ac1eb","0xe9491ff2770559e17b42f92cd86a37727dd16bef2c3b8cb720ecb00c30320be7","0xe8b7481d901049ee119e4b39589eeaa01cde9b991bb2c57bf9236955af3f532c","0xe87fe394c1958103ef0afb50e3da371cf3d398742ca5c12f7284f43270a4cac0","0xe85d6dd5b820b599dc8dc2327fd11cc7773fa3d78969f5d13e53524e79cbbc45","0xe70c0cc1b5fb7bbe0fac69684a5024b2f34a7337875d203148a4bd96c8a31137","0xe6e680768f4674e36c3af36e70f1e7cb76de7571d753da88be3bd6a367322e33","0xe6e61de06a3ab465540598dc88c0a25ee811eee48ee471f8cfe01a709e8ae608","0xe5d16473d447980f102241d5e3cdd7bbb167c4070d76d7331e27b8d311192eb6","0xe4d7e158955812d4ea11d2e0533f4e258d9bb376da78559d5f4c343a4c988929","0xe4bdd9546efc5fbebf0fba4d284efa01175e2fee0ce2ea317d1078f22a126629","0xe470f9b5c9918df31b06da38d0100b027fda78e7f8f4282431a2778b5bae66e3","0xe46d6b649332d38c87b8cfa43b69b7e15cd0cb8d47c9adc5eb40ec6f9490e32a","0xe3dd24fbfcccacd46fbf1486b194b497b43a1d482270a89226f1e8372add0bbf","0xe37fa9ef3573c3df448f913f58172a17bbb23a1693cbf0ac6f640eda94706d2d","0xe28cb88a4de89fefeae57cdc31af9e22354f7f39b22218804f571fe1d47a2404","0xe25b49f40c81afac2af2ef4af22131e810a4929dcef242b1a0c4390371ccf9cd","0xe18b16aef6b91d99266c1ffab9dfbfb1ef484a48d1f64b59f5ed5b5c991460e7","0xe03ef0842ed74c34caad3c843fff667b6e0986601ff148038b72619a06e9cabb","0xddfb028be0d9bb7f17cb9f16ea215d634f3d832797a9f5de6e4d7adb0f7409b4","0xdd4cf0bd057299d7da3491bb4c382ac0e7eb3e69a7a15efed159bac632322430","0xdcf68b92a4f0e1b5f64fbbd2117d8006c45c85935297d65742cb9dd9a746deb4","0xdc8b46a99fac338ba6142d451df4df21cbd4796f83a044334c4c0be3b873982f","0xdc4fdbdb57714fed7e8f9753e078cb587d6d82ea81c352ab3abef997f6b16524","0xdb87ff3cd4066682b30f10bb02fd48ea5fbfba03c0e4bfa7b16aeab89bf2106f","0xdaf94a1a1fdfee471a472e85aa2fdc46ef07df53c3c8559efaf8fdbaf21c4e3c","0xdac540172d32b37b56dd28ddb7889bbe66c89b1be81c3905939924939c9b7da5","0xda96db1d3ebc40665c507591ae99107e36ef71e3e31a68bf59fbbec8aa21fe2c","0xda1ca9e73d1341a3a115c42702058e0251dfa0be3b9fcf3aa0e22b8ac4db5fde","0xda110a11657af478d19f5709aac9ae8fb0de0186c9b69edf1a99c3044f2d359a","0xd8bdf33708b6b6ebf583bbe9680ef62a060d9b2e2d5a83c5c0a142b9e581e359","0xd7ff4abbc44ff9dfb9a23a523be3c539d4f9f153660db58f24d5bb7d6bc68aec","0xd7ead7eea3bd08ec4d3683cea84d1250d20206bcc4d614982030b120a07097d0","0xd74e79cbb0eef032352dc7825206813081a3658500afdf841127d8b0dbd309c0","0xd690c1049edc46283515521f28c521694876be48511018d702479993291e7898","0xd663c7d67b2adfee5b1205c2d51f6f79c8642d3c80246c744fd5e8115764c782","0xd60aaee315f568fa01a5268811c25a68fa72c6613ea5fa7d5d50fb533da8b700","0xd522c95f9e58282ccc1b950aa89107117a734ad6e6d429ca8ac8cb83b078223b","0xd469337d1c70b720735bba30fedb9b936b5236634b6111a402007116a836438f","0xd4603da6ebfeaec5ad4fcc159d2c11877f2466ed8785f7220a8eb93b41b5a1cf","0xd29e82384b0fbc1586484fc25d7b82c2398b982f30d1e72cd3bb0b69666bb122","0xd0406ccb20b4679cf987285162ca748252d9abafc781338022d581517b334ad9","0xcf30864abf04d65fc1c5306417fac7451f6461f32485710847592cd5f6a11961","0xcdf7c7ba23866eef2165e84a07aa5eabd7995ff39834f95d0a8a2caba224920e","0xcd77d91b86b363b859ae7b8501560d544e72885f2d791c71860ff6e0e46bd894","0xcbf918ae0b605868e0583a6f4b4b0461c32c52a6142c8dbfa88caad50b7748b1","0xcb75cb489c1a5160b88c5c6e48f533603e7bae5186064a0c8651baccdeb015e0","0xcaa1aa786dce6740f565808465e722637a0875c51ccedd02ceb9f62c481f3d82","0xc83e579e6f70017bbb70e9d0c70c949014f80454b2af982f39a143a2d789b707","0xc7d09aa541f59637438cec66790fe5fda017e75eae02a3fdb572a4ecffc11ffc","0xc78b21a1132ba011cbf6d3994288018a68381e036c0c85ff998a6def8c7b17dc","0xc5ac34f0dea67f098db15c40b7f81e337b94852b946d1cf42db45565d26d99ef","0xc546916ea78eba40a9a5938aad5a9b444ae9aea7483bf4d176530cef0020ce1f","0xc3deb4c1ab971776baf543bc80799f1bc9a8d029c069b87d7ec7536793e530e3","0xc3de875cfd2e8f984445c66b897e3287b0c375e8c75e1a8dfd1c593ea9e91396","0xc3ce7e2d025dde702144e7940343cb2f0206d4b5cc9a009fe108a2435de96918","0xc37656a3a288180736b454c6341d698acdd3b7ebefab8cd0ab5c658e68fe29da","0xc2dfba5397936098d54e8869f5dc05c11179c3c342226394c2996fc3c3cf072d","0xc1f441d84902deb120fdb810d5a111f2e978bce2a13d664429844da440f9ca2e","0xc15276387511870c366b283115ce10ca3a3a5b24b9d9dafd5aaaf81d81d2df2a","0xc054e36fea427b0734179a22322211c5678d30d0e72b5fcf02c19134b24a7ca6","0xbf6dd3cd11060eef13b437c2d97c74c89d212a0f2fdedbd520f07547542fd131","0xbf46bf59877b633891e52965cbd393101e82378a56e26ad9abf2151a818247db","0xbee1f3a3d89bff1261365588cf3053ca67095200009f10fbfba8645f4a0488b5","0xbeadc059ac67fd8a70fa689464c7c7f16284e3cc9c960bd6e073d3b69eb492ac","0xbe61cdec5fee6264de91824c1858f3ae23c763a62208eb2cb8e9dfc055b917f5","0xbe174cdaa60c0e9665d7a74fcefe18ba74f06b87011a0be82db7eb7e89141651","0xbe0bdbbb1a68dc5eeaf7df81b2de09233c1683bb083515b9308ea82d21161347","0xbdf095b42e594964200e1fbe5a7ca1dbdc832bcfaa117d53eb316e53e4d49130","0xbdc6b86df6cf8b5a33b8f47dbec29aa89b07d22cd692b1d046e7af8a24ba83f2","0xbd89ab75e79d977ce8d4c7802a19218656ca53fc5fc396dc2e6df424ba03382c","0xbd0341cf37f0ffd09fec9705604bc48be720d2bd8aa57fc3882f748a3d6c8cd3","0xbca7a1207de34cd8944e8412bf1042b876ca758d4875116e72ecfcd61af9e784","0xbc1a4ef9c442f3257dc2ef8c0f52581720b678775aa318db4465bbc25e161e65","0xbb2522f3ed940b3a49ae15cfa4b879dcb5b0e9c1921617cf7cee166b71e77c4a","0xbaf6c5a5092d73ba233f0680178782940f780d6cc7122025e312e4db2835728a","0xba5d3f14d7331105f060684156202a158c848ee174517addfb9eacab2c5705d6","0xba542bd9f57e0567544d7493f232234aa7305af707446a6c07b50e9bbf3c0a46","0xba2283caca2067779496cd7387e05fb14508425deae1e09dfbaf44df3e811f55","0xba20b6dfd5b0c00e723b35742b8f7dda70f7d454a62f3a06ec0bb2b93bb805f2","0xb9b8c7d3e78e1cef9e4df0d4eedcec98f8973894662df895255cb36cce9b14f8","0xb9a3b60f42fbd1b2af5517b85a78319fa0b2ad54d5c9ccd2ae0751d4d6ab32e3","0xb9458c798c6a37e4cb6fdbff9879d2077112cfdc91c035530e01ac42dea6dbaf","0xb867fac3d93f68ed0248a2bb9ba00d64734137f6d242a6688dc6d3a0be5fc26e","0xb85f651b189e726a84080878986e62688a6807f385f4e96e0151ac9f72269bc2","0xb7ff0881cd4e9cb2f4535f42c299151cf580deebad88ba575f196c4741f1e5c6","0xb676cbab7ef75fb2a7be2799d8790468119ce0bf3bcb9fc08115696bfd2166d3","0xb5faddd39cc7ffc4544f33f165f5229169501e35bc5ce9fa4b0065ff6c04248a","0xb579ea3a375f9e79019e6f566aa1f4fc81d1e25e420bc541655f62647066c2f8","0xb534b30f0740aa2e3e510c27c877289517b33387ab538ac9f9f20543c974a922","0xb52c5d64681aa01335f98b1938770a09a045bf742a33cf655ff888b20a6cefa5","0xb4e5f894b9ea051aa80f63d8825b7c345d3f8ef14b3bac779f30a64c7137e96d","0xb4bdcd38b3225207373687e38943088f4138f07a6c8519714c9636ba7e0f898e","0xb3c9cbbc42f05713d6781fe423d5f1c5df6e26319af9adeadb4f952fa7971e1f","0xb3a1b4770da0bea545921da5b45d90a3a7c293fa700092bff286be17c199071d","0xb35bfe8198e821836f3560244c321550f580de325b4d537d923471d63aba0081","0xb358b4f666dbe732cdf473447d178e2e7b68c610feae6201b515b12f04407794","0xb3394745497a0a644a58c57b36da82570e7ee43ed726d8a09cea0339559d77ea","0xaf3fead92c6dbbb7cf191fe36154ce5db5a65e5e669426816552d6b2fd0cf6cb","0xaee89bed90fd042ee3c7be1c152bf187c5b033e26f7f4b8ed29c1a057372860b","0xae7eb93e995ae97f9df15257bed81244eb1a9d172bfe8ef16b4390a7b26213ad","0xade732f23f6341c1b5c289f0b9bf2b2a72bd3765a08cf087b79bb62e2cfdd748","0xac67b8c3651983e73eb35c2e986715bd6179419e8a1efb5d867a9cf90097d432","0xabd389b79ab3e9fabaf84be42536f902c20534009c28f068c454c227dd930cf3","0xabcece483f683a17131e8f93af2e99e50a560c1ba150eb4259a310f5092599d3","0xabc9101b48df73403e529b4f5e5255c23b4fd25cefbe93094a7c00918dfd9910","0xabc80b3cc4b7975287311632105122d42b416ac444bb7d52a988e66e754f6240","0xaa99724d635cdcfd48e62a01a435e05d2573f925fdeae83ecbc39019d224cd19","0xaa4e0abf896625c19ad7e2b3461a9d317655deb42fc4d285bbcd12a639acbbe3","0xa9ddaa43f9fb61035d0d29946db8c5f214582e5c5af9b7e8eaa22f3f90b5524b","0xa963922add173876c287ef1f5aa03dc8a58b96d938cd950ee58b90a3e3403477","0xa9291c6bda833d12427c96b80209a29c67b22ed07cfe1da0eba96e8d7fdc1612","0xa7e0b9bac9de290d61ef91fbff94f1ac87d6de65f6068c60b0227ce9a86b16e7","0xa7d0330bdb59b1e8ae9bc98443b7bde13ec1b6619180051c462844e33725503e","0xa79077a96549c2d620a3172bb23d255b31518b4eb4ca7913937119ed20136d92","0xa6957d26fa1c0853e363e7f2630bebfc32c46139778aa7e19cafe1b300e81d88","0xa65aa48ba75686b3c59276439fec2ca6a1fe9406b7a7ebce0d3c5f867bfac516","0xa5fd3eaa4a9e7a7063961a1c898a522cae3b218b35a7e15494933500e5e26569","0xa5088958dac32443869fd8fde918ff8eaf02d76a0f4c11252fd3f3a1105ee3e4","0xa4647d071b1e6a08da991abe678fcc200a66403a7184e1ee3c490c55c7373e35","0xa367bc71d3f29c0be36530d2a53d6c73c49bb8f8fab820685df06707cdb5781d","0xa3407dbe1fa79b6e45861557cafb6cc78bc36a1a75d7c4718c9714176412c214","0xa2f1b5e77511c338a7072d2af712b0034218466dbc77a64f9a6c6139ba304e81","0xa2b3e52c1bf2db5e27e79443d231d3ba04363f251b6d1f10bf829d5836cc0201","0xa2296320ce24e2a4869090d54178da0e3ae4f60621463f95740338f464b4384e","0xa0ba5905618cdc7b8f1384c9be010cc9a8e638da82f10b428589e8de33bbc62e","0x9ff895f485ded8f742fe5a75a9e5c137b30853b49974719edb99db447617196d","0x9eb5f4ea4c877d7335817d47af89ee94b3c11eb3b73fc363eade6fb233972eb2","0x9e450f58ddbd11d843b380d05cd4ec92d1d4e21576148555c2e81d57f7ac5893","0x9e3b182f2d8a2d83de6cefc467ea37c28f623be82f9a48218dbd19d760bb8446","0x9e38fdf0d5b119e9cb315114bc4a0e401f577e08f9cbf9234fd342db5fb77891","0x9d4ca7e06c1cf7cabc7aae14a0817730fc2cd0767822258c728cf796ef7a93f0","0x9caf785ceb399ae684065da4c0ae8127a2b211b1a9ffc22106964702004b20a0","0x9c3ee7130e480dcdbf42385960bf210f6d4b18608e728338b25d3b3805cbd9d9","0x9c02e5840a9d7df46de98c0465973072a441a0904764966327234021fd62f6d0","0x9b4869dca7810fe545a400931c1232b6a312574b1ae23f1ff1d60e6b33ba189e","0x9aad533cee5507fe5dcebe8788a2b260e8b18f91fb5bb83555310e9770dc59ce","0x9a86cb6c6682a005f48649e52e015d0e3fcf6431921e9d82aa23bd4b8f215fe5","0x9a576a58a368f17ee28f73a30e935a5e19a083a947673e9235fbfef96fa92e55","0x99e7326fac1ac1f2dc9b087982a371aa2788587e940f237d004787128927529b","0x9817a98845837d1f02ec120b4d801c8bfd9eb1bf666a73c7df4c46d764ede86e","0x974cd87eae0b56cb87705128a2cac1ff1fd7a4b49b1a0fad6554f748eede8303","0x96fdc6b95d6fd91c3f28772bdc837f176bdf8ae50b680a02c70ddef940ddf59c","0x96f7053434d1e644e4062252bc53e1ac72c84c2b1888c28e411d9aa24060c120","0x96c403d9fe82df9b31946d4161c67cfff36a8fd0e2dff8b35cd5bd019170345a","0x95de9be5b347713a8f86211d11960aa8bdb4af5f7da9fd23864fbcac4eba6f20","0x9575ef1270553d58bb386ad4937fb490d83ced3669b03d531306cf68f8384560","0x94a3dcf8505be76c461a703fbd3dd890034ce2834c4314d1180abc00e970f114","0x9474575de63551149c7ec83e86d6dca8d4eba730af5ac1bc91406fafd85ca00a","0x939acf650f22ec38e31ec8902d7a271d71e69ba5af084c6b9826dbb069f7edc9","0x92cd41373b8b8bad84287a34c011c0607fb94b10733840a5aa4b310fec758e32","0x92ac9991f772ca0b4d2c88ce924ab4f5e5fbb0670b84d2743a03fead07f8cba8","0x90f2519d7b08b719259a662af639348368be0ce3d27e95c7df946788f1bfe591","0x90c106088613c467d6180bfde365565820d4e52afed82628188270f731e18a17","0x90891d15b08877742111ad8540bffe67f85b2bf930c559c52def9188e16f3a86","0x904b093464a403c3635912f6335ac78344def48431db3ef4639e33c700157ed0","0x8f9097ecf3fe68e5f0829d633df654ffb2300b2f4c04a5a6e6861be6633d5e9d","0x8e7beedf926c0737ac3569389abbc182873d6d2aa720738b226b56bf9c920424","0x8deb985377414db1d75650c4ab56f5d75ef81e72b6b49f41df7b79da73d46db9","0x8cc4518da0d3e4269613d0d5566756240f0567b2189b18305a290580a9da6772","0x8c806b3d5e33a58efd28283d8d596b99f87a66f116d6cf826e2b4cddfbbc9c9a","0x8c1488c9287476be16026a74ea956ecfd55e4c965553d46f0923000dd579a445","0x8b89f17b7717f4ff84eab51fa89876c8f05f2cfcae8778c47894489abeae6bf4","0x8b1b15bed14ca3fa548e3ee445d30afacc039be2192e371748996db71af1658b","0x8b0f34346a5110cca24539da066222411609c218ff4cb79eabe002749949b6f5","0x8adfe4d6a41a7bc6d022043087cc897721c3967505dc8982eb721266c9e91e60","0x8acfd5ffc20d96354f2c231aecaa35371bd766e6bbe8f3fbfcb67651748e86a8","0x8a60e869f91bdff280acdcb60f415dcea926ec9b85af12ab9ce2725bcbf4c8cb","0x89d9258ba7dc6317a7b666ab93e41ba07adde0d426823a93d1629d4762e1e9a3","0x89a95f8f44bf5dec0807e8138892ad31750229367aa97bd7fd5b1f7a59aa8cb9","0x894b01176c5cfe4ddf577ece31ec8c005246cc102bd73dd05f815d8689599990","0x88e4cb0ceea6b5c15653b24ee5df228e4ad439701eb7a9afa07ea2c53eaa566d","0x88db765726aae59bec9c8723b8fe4f69b3e8e693f78d4b49c907759fb0ff6ec3","0x87fa600ea19dab6b8b6ace294e2a4c1ff141f1396e32ffd18d9a5aa4c72fa824","0x87c38f17382d79df2f3b9b77ef80b9807af02f2bd9ea37226339b81a89336728","0x869d651b97b555f2fec3ffe8655d63cb0e512ca164abac681f40481661bfaca8","0x86801c50a7a72112998ceca60039ccecbfc16bb8b55ddb4ab8535fb1aa0b981d","0x864b3e5222d68e59a3a1e54c7f2013cd8f3ae7bdc440e4150779085ca51f7620","0x84632bb5007012018c3e71e0792dc10bab4902a4e3f978514655ec1bf997c17c","0x845ad96e271043fdac4726f570af579d1993860452fda77cc6531ae99c65f215","0x84355c98e3a6343abbbe286d5d1c045770b36e20cb6623026a2b549f8b18c058","0x83ca772cec7a55f901f82364f49777a620bfae7ca242ed6bb6d3546055219124","0x83783348d4cca679e957344d1abb63aa6a684436fd210c6780ec4bf4cb7fd364","0x8361cc512b7efb7470243f6d2ea385c88ca35e40986e6873861f16bdf90046e5","0x82fc8f1c291f5bb1d9dda253be6ecf99dcd3406729b79f7dbac18c07921d0969","0x824e7a14389620761aa46266957973e01b97e5a6dcc7e38a72d8d9fb145ccaab","0x8212c63a4dcf3534fd9c39c4aad195a52de5f1ef91435aff53bac93bcce1c235","0x8192f92d2f2b4137b38769ca9b3a758ad80278c8655fe817b024686180af3857","0x7f5480bb293b0fa0c459060df918eb230ebc619d93c0dae6f7bde71b0585617a","0x7efc9f25650b72ca4825c818b3c3c8a0c170a8734595d3008ff676be82c36f33","0x7eb1453d701c002cec37b2f68fbb360297fd2cad985bfad8ad30882ba5bf2874","0x7de52544ec2cfae31c5d050620c3623d77f22ac4366aec676abccfe7849b67a7","0x7de0607c68638aa86e393c523ba4d0d43fcbabc07b798d14c5614568d3784679","0x7d3a55d2be3d4b9a06d31637e91d50b0fdc9aa5fbfa0916097da658d3d384078","0x7d22a7ad5d50f6c6443f01e7880538455f539d8bd95722983970a14ae8478e82","0x7add2f6fd641e37c7e7d4cd1a0642bb55f0309c875407c0b6c4774a5a131a5ea","0x7acefb59e0a85f63536efa68f456585607e168d398e3b727b165351ecc7bc74d","0x7ac03c16a4d828d94c4e87a4d40c7ddbf407afef1b8d96161c8e056cd67729a2","0x7aa5cc3619c1b53e7f01cee5718c081971a0612c604299f0f2e3bb2e1894d5f4","0x79eb7917036e913175e699ab258ef9f78f0bca77c467b7d124d63b47828d9b9b","0x79e19578e68a4a63f8a1f74da47f428c5bad2fde50cb22b2ce6213f906386c00","0x79c7e7fbd351012cbea3ba2d5f459e4e15e1232edda5fa3fe09366a701122f82","0x79c74af441efb164f39565c6779a18330d2c0d7dc09482538126812ffb604f09","0x782530ffc2abf70ed1d7f7b0c352dd3cc8d7efa5a52710a79664524cc4b0c31f","0x77eceeba549837995619420b25d423bd53e7e98e31ad8ea1dfc95938fdafaea5","0x77de7281283deee2dfb45eab4b2b3d384d6ca6871ef430b30ed57e5395c2b9a0","0x778804a12ed14e21cb8dee79647d2f797e6b7ec5e19b298812a08b8d224591ea","0x761fbb89d84b9a5e626f0ff798c233983c6fefd45a183b7bc79c71a64500ad6a","0x75099e6524b1e8aa43489c5541b29513160a607182d4f894c6a320c02905b52c","0x72e767071bf647cc7a64078a682f112d7fddca80dd6138354733f22c90463ca7","0x72d6ed7de63586eb94ee668bb20b1d8fe8295cb8e7dc4a9b198e6f39a584631c","0x6e58bc05f5382719669f27ae5e20a6b589a8e4e344c3747df7791da9d91cd827","0x6c60577a51d43de0b9b59a8bd65e3ffe7dc320bbe803d3227a89c77ef7e4a493","0x6c1dbdb6f849a248ac0feae893447d5035b7227fe3b36d59b0bb104545f5bcae","0x6b96f65aa6659cf1327a5dfcff27a2209787d19c6bf967c7d311359d8ca5ec2f","0x6b6b8a828c24263c25592754b83a86bf36ac3b4a76aa90facbf7e80bc74b82cc","0x69db1a6ebaea43c8262d82f671f2b3285d5940b532941b2edd47281b6480f8d8","0x69b4837a6de448b6d1cd46c1cf965cd8fa650227b502493cea5d2bcb6229fb2f","0x6899fbc5b43847091ecfb1489f53d664cb50d89fc3d3011423b567424f77d4c8","0x67ca208cfef647f392dca02db017100d52970510600c2908e93d497f24dac220","0x675cd61bba401ec2dcd73c0e14f5f9e7ca8fbca2eb69bdbc51bf6fa2aa5f634b","0x67015289a37dee7b2f85ac0b88a3ecf2520576254ec5b6cbbfac5ff88d500c63","0x666b035c583a64a0f7e8425e7938f1cbfa0abb6aca0c4423b80712818ef453ca","0x6621984f8d4f5b897be0a124666a64fd7a1edf5512bdac5b151f8258e6d519ea","0x64fa1f07e23645dbc3c0bc3710ee6fe676ba29552a0c5c5a0247dfe66003a78f","0x64ebf0704f4aad090de5fe1015cf4296b374e6f318ad30d93f9ce00a276e97c4","0x63d071b377431e6a5bdf09a6c6216ec9c1ad73d0b8c726e516344948d9358210","0x6326252349974e31615827dcbe6aacc29356d0b808a4d5326b632ce565a80cb2","0x6264d508c4054cba563e22a46740886320a52f32d3c7b11915eae013e07470e0","0x623f6e046bf943b6c131e9fecdb444146b8872a4f16bf9b451d04cbce44e7665","0x61a3565852cd250f80bc47e8eb8b51a0f167db79ed33e4de018e46695fb82264","0x616e228ee7eec9c1fb6c2c453193ff219e88690f9c63f77f9e10d553f3b18615","0x6129b81c95321221ee0186326016dad1dbc8162d46beae5cafbcc871bebcef9e","0x60e8936cb7f39f3e1757ffcb2c0ee4805ea5ac216f819aebeb1ec94a1a1900ab","0x5f416cd643e6142f4bce88afc2e41588786e181a94a41465263be0150c0c987a","0x5e9f33a330f7f9ce959e3c665e6fb4de24a460a82b63bd83ca4f8f8e819f2157","0x5d330fa2ae267885c66ea3d05e8f2ad941a39ed645dbffecc631ba6983b6e117","0x5d0e8e5e28a05f2b0d30dcd9a2f4f4e81324c085d6bba922a60290d516bcba21","0x5cd3c67a08c598a9bea2783ba70572fa5c34ace75e8a74cba2509c459152d287","0x5cd3a24d682c56928c845f59bca4038232365e77dd97fd9e9238437c629c1f5b","0x5ccca531132ac58a907cd113775ddceb0a14ba7648b89f8b022646b5877c79d4","0x5ba0887ebbba4e75740714d26b4a91e7f5030c8cb8f91a5927c962690b51f39d","0x5b748a34d192aa05f131ef43d72342546adff07403d94fbf0879048f3df688dc","0x5b377f2bb7f39f353d43e7706d65bad17beff8c397c2f69f4d85e4eefb10d088","0x597cab3022fea059c56b6882a80da0d561e6acbb68b64f3c0f73e0d301dd3c57","0x591eb43321d83f0a3f2356fe24936a61418c6c7228505ae5b6bd72a0befd727a","0x58985821ed609798ae186e638fd2e8fb9bbb45397100c5ecd2afcf0609515b00","0x5818783ab7684380c90ff74bc2dd97758e07ba41e429c3694cd232e1b3a86c3a","0x57f2766e337b7c9d3a6cfb672f873c967dd7b4f528982873eab3d8dc754cf2ca","0x57e607137347b1f0262bda79c5938144731e55845c6a007cd89d9c3f2a638510","0x57491a3beca90b6b0c7a44f6c5691343e722a3154283c7fe5c212ba05d5d2908","0x56ed47ad18d762d80b684cab56e0f1c17228ee1d0bb2e99796a787cb27034677","0x56331e862ed4be0029f886cb7242720c61db6faf9cee9ccfe2bdb01c74de2426","0x54c09d278df6cf9c209e8d9ecfc1f8f4d82f9fc8ea20c8ffbd56ee32c7c408fe","0x54417f9a7d764dd31799e4dd0be0e60ccd8172f64e86ca4b992887a74a0336fe","0x5355aeaa3b92cca2ad5b7e1d8f00e82f6268a9a9a94a2c46b9e4f55ca6a7db76","0x535329d4462a55d4eeeeaee8255215b1732b716b611633f3a5c4279708d2e1bf","0x531cde56d87432a8826b487348b8a428d80dcce44ca6eb8349f77451650a69ae","0x513d671f5663679babd7d44e6b11145417ab58156ca55ff4b4cf1d365f2ddae2","0x50d7b7d2643abfad96af27e5680ff48b7b68c0443751d7feda1f8bb47be13e7d","0x50460af2266ecd6f6d0f333535d068580345175e17453c97dd38eabfb4aa62ff","0x4e5b6d4e6022d43ab0f3e3ba1fad3ffb531379a61901b8cce4d9d794a84a3b9e","0x49d2730849a7dd8699eab2598282e263d4518cec4dc103dd9c56efd96580eaa1","0x49542aeccdec1bca2f3102963735567d22c516823110e118e66f088f19b1b5ef","0x480fcea2ef01c58401b7cf6dff648ee1e3b2738f412e619939912cc2576b3aca","0x47ad2c66cc189160fd10ef13dd10a93220810ffd73cb9cf238d3fd3f854d6401","0x46dcbf22ef3c20f22cc0292460e851f24351d0e973d0c83f8c53e8d32a57a996","0x462397d846cde94c3909512ec49a22f865db0006d3887d0e3966de9cc32674c6","0x45dc106dd3e4c4355367d19349afcfff2c2d7f5fd11e3770d49ce3635a7f8263","0x44cdb38ff6dfa8ce9da0fa5c05d830ad852e15591b0108ef2e261cd773f1c123","0x44bdd46a5c2111bc4720cced0b26669316495ebdfc953f83aeedd26c406a4ce9","0x439eed37056d907a230755821397c73ff92ddb661e775d5be87ca639c39d985c","0x43542f142c6b7ce9e30cad420bb45b0cfecf88d534335a628fba129e03750160","0x42ecd0b8cb1ad42b56aa5c3d14728f288e6a29d3fd4d325857e4443b92e1e836","0x42e29db8151b05270c7ebf3e92a6db937f0dbaee5f6282d57e74856e5128cdf0","0x4278d924a280f4eb9c8e5e2200e6792ec17e833fe0c86fdaa0e80e9201bd2ff8","0x4177dbb3128c831e86f664a7609a8ef7a4fc6ae6a47433610c82212565da1530","0x40e50206ef106160143edb71741001c0db3dc4961bafdc2f22498802886bd2e6","0x406cdc992cf5605e70f931f431e2c1ff31ab570e43b420eb5efcd000f34d9060","0x406a7d210a7d7e825e6188804de1712d09174d3b38216c8d30ce1900de584ac3","0x3fa497b1c7bfe9dfbcf088ace31ad3f2b2217510df46fa245b69a3d7d309167d","0x3f59f1b98d959ce38ad5aaffde0b845c0b6f301ecd04dfdbaa6e36929d01656a","0x3e3e0dae8f0d110feffbc9d5698e606ca88a8983e0a351e05b7997f1c4ac5c62","0x3bd93e152e429fa53e7f979bdf69e61c7af64bf0575d68f1145bf74c33d2ab39","0x3b82658f7d6854f0504b658cc65f6ae598420dbf34a3fe112357ff94305a46be","0x3b2a4dba36604d4dc5f24bb594cec3c37e906e7bcb138771919acffaccb2d13a","0x3a16a5a2c7988919c5b81e37318b7bbd09c0a3420193013bd8ff652f9070fa8d","0x39e3994a81e86cfd5c366a749cfbdb918e881965a782efa289d7f9e6b3c3a738","0x380ad19eccab2dd83011319ff2c3a6eeda1ca3890910026e2c351e70b062c55b","0x37c8244d216b1ad720c9385227eae0f1e948c7ba20826e73a22e9a2f2e664bd9","0x377bbd800ec323828d6f8d39ad9e5f8b605a821e372e690740a324882a4cbed6","0x372e9d735c6f295e4fce4c0e6c79d94175843727b24ae13b6d6118336a954e43","0x37253782552d2832fd61b1b9f0bee9c5faa10fee875badddb556c007e6aa1999","0x36aa961ae4751f7a72ca7b355a054f897ac7d1b51259df3337b2f6010c003653","0x35f990f7aa414a777ab4dafc0129c891fb43df6ebc4fa90185e14f1d12be7521","0x35c2cf0e130c498457d8c6d254e5f95d3f3497e0b460e281df627822489a6a7f","0x35728f58d0ad5582c797dba552e84e680aa40b1535ceef82e33bb3ef95876086","0x352c8c13d3209a3db1514d4df7651e225cb2dc94aed8b6dc4a18d555cfc18630","0x34e4f259ae2ce35fe9ef9a6784f735a1d5e210d13b67ab0af493cbc79cc667cf","0x33e7f9e57d6b2429e59c1ccc1e406321d20f381a81eb391c485aefaf09d6fcc2","0x3336666ce3772fc98e3365863bf5d63919124ac69b24023648b4f295787f6b20","0x332417cecc7152836802863cf236189ff02d5cd8c539bbee43224b3dd4fe2d5d","0x32d41e0d608b1179e0b78e5eeec257479d19f9dcd0e004f0e1c74ca020d16aa1","0x329ee4bd7a90782d183067a22fb29c05258e0460fa9750d7bb4a9d8fd6920fc4","0x328b0214fae6609122b221b39aee791ad9448c6812220bfad2ba6315d9dc82b4","0x31652893f4e4407187ed6210ec63c77e9f8bb6f8a3b5e67bc9f08736a593da91","0x311e31698bf86eddd117c0819b133e6e058f100622277040faeff42d4066af02","0x30b53dab391ebd7c87473023628925eda72eb62e5bc5096bfd668d6478352446","0x2e02032596d4545e76ad8f1652710f1395964c232c72bbb9828ece201ca9ab4a","0x2dc6526d253be767887d3e48bfd53cbb789c0a69b7b9bc91a72c6e57a8b50fe0","0x2c0d54d0b1e5101204c1f0ba1a98a3c2b51f877322b116bd8c30a0da28c672bf","0x2bd1b0a2aa24a9e436ce0a36e41f19e0f157bd17f3d2fdd15de2c86777b6ccf3","0x2ab445ef9bc01c4dbe1a50e92fd2a2e6e9dc0d0178209f996a86da1dff5a0d98","0x2a3ffa40455bf63915328afc17674bb922625b5e74a767725be7fa1a2e3708b0","0x2a304631b92fd84950d14869a0dcc71da0ef2a69b752f9321db087b01ebe56e6","0x2a0dcbd335101dd567572c4dafee48b9c8bfdd3f1078e1f67eb439497f803d14","0x2975f57b5d8eb0f149191a8696c40cd57e549876047a3585bdb1716fbb71b7e8","0x2900a6757d41448c42651f5743f618d48a938b991010ba1935a42efc3fc8c235","0x276337d334298d3f7f609bd892e7712a174ed4a382fea6ca2e0fbeeeb09c1c0f","0x2734641f25a522ad37fd945fcd41ab5d9318eca05a440d4f2b44f1693f1d687c","0x2687c0c87a324d943a01d3a46abf77514571dd9b0007bb7e0fcb941b3435cf70","0x24a86ef5de884fe48c55f63678bad65f7e7b7b02bf5504f441198aee1dca2ae2","0x23f35dae0f3e7671667514cf91b37af8e25fcf272dc39a3c3beb3b5c1d031313","0x23cd95aa37d29d5a4cd60a82f24404683b58d5c09fdcc939392412fa2006a5d3","0x235b6c3ed4241daa4ed1b355eb5885aad4dccf580da942031ca16e17790d1004","0x22ece6fcf5b3afbfe3fa8c9b0dfd22d2e6117472d2f8bb22760900ad1ec83ff7","0x22a40241c261f9a05961d8a704c74b1ebcd5fa339011a786e15d795c72cbcf41","0x227c2ae14c0e5cd7714c7ff924c74d87cc6740d09167189fe4b1b41d49a80908","0x2271ec0c855727129dbecb74e0da94467430912899157d2133a0f684ac350937","0x2221def67260a3c394c0b38c47a08c4b930f84f9a565b884da9021d150a2932f","0x21da1d78c6c05a7dd969df5415aaf85cf38e30322dee56ff2d5cd975f9e1181d","0x2096efb5d57b979e086b105f52bc92d0467b23fb9c9b8b424c4a22ea8455ad98","0x1ee20691fc7bdd8d2e9f3b1a50efebb9c4e7fa6da58b4abde080aa3a5487a1e1","0x1e4530d4593ba2f65349ca453f9817b49da2844ba1eb7783356097b4d16810ee","0x1e1179b2696c1321e1b261a07ed404badea8a8e96c90d20c0526f84763f0748c","0x1dbf02594fb4c7a6a20c0553162fc4718b07bb85e2285d182e0d86596e963260","0x1d590e6c467864983874de5503a3bd8fc6f5d9bd69285c3082bed256ccc5f67b","0x19ca455326d431e1c3d0d5f48bf0a06a14fc08682783649460a707dcfcdd04b9","0x19873f1069e794fc424aaed30b4c1169beddb97aa1eb31d28629b42c7011f7be","0x1947fbb45377ba94116217dd96c1fb8272bf14750dc7b984b630a9fb16dc1999","0x18ef503f473eaccaa8fb08517ae9edd9de1875e10f213fe162218625663685a5","0x1859f29b3cbdc8fdac9e1d8600137566a97c65290437a85a4ab98c5496e116d9","0x176d8144218644d51a75f6cc2ff5f33836da45d34b791df28fb44bea581833bf","0x155e317cf827bd5790263c89b4d95e43b85f39cf8a9900b8b4ff0893c53fcae7","0x14f8919b0d755e101a382fa7e57b65dd7e3415e4c7993026029314edd806ee2c","0x14110319afedea1ac32743ef115aae32a7bcbcc2e507e3a4bf3ee5fd7d05a0b8","0x13cd45f03ce3fffe1da3c019c398b66a7bf90ca359503921d7ed71fab6420511","0x121efd4e61adeaf640fd5546225655ffeef6dffdc305c35c6efd9f9bc32bcff2","0x11e9caf19dedb8f7e7b0802552b1f3b1719354ddefbe7a21c128f6099474b7b1","0x117eabe329d22baf55fdbca1df3ca1213c3c4879e368f6245fdbb4c15c4dd98f","0x1165e108b86ddb183af0ededf7741e200c78fb2621fca6d6fd2186b57b331953","0x10ce89ae5c2088c8f08c56ed79756f02118de1c6eca33a57717fddd7ab6a0551","0x10a3ff9aff98bfd8c4690ca4d0b3312578eff7b57c916a9280d756e0b6536608","0x103d83fc65d2e49cb73b211942b07dc0b65e61808f4c97f210ae4bc3ea647fb3","0x0fc34294fcbcd9298ce9f6c69a663f8c3bbfd288feb28756d7ea48d6252ccfb6","0x0f5ab3d215f73aa15197a7d475226be27b823b9b8ff2ba21852e7afb877c6a03","0x0f147eaeda350cf77b41c45e18566e4b92a0c964c1c0da7348b4d63983265d30","0x0e7c513ce4621b0cdedfb59cd0fcc726de4b8e3cd1ee8e74f88980cd5c034d24","0x0e5407f1c07877dc707b60ee9e88fb9a2149f75f71f06e0427ba13a70aa66d08","0x0d99cd11ee8a3e447abefbf2960e7053aae36b7c118e52d86c81839eb2f450d5","0x0d79f3ff5ca5f750534b0bc264d87dc1e33a1edf6f54f4dad70f8d6ca4933d45","0x0d19d8bd468ad94c91a3d68f48b7595ba4c3659d8eba6d5b16d047a424ddb274","0x0b3e05c8f2a0250920d1fb9039113b6c8e34421be1c41a3e98351d6e1a4b581b","0x0b00817d8468536a3623065b4c126d68fe5ef1dd5278a29b094f6e4b91b92b45","0x09e0d05f4ddd11d4ba8f59be226e6d2b686e23dc269ad31ec3a6b26ee14165bf","0x06b8518dfba70d0725bd3cc5c5e9eaf76db63ccc581de077ee7188dd2e3d06f6","0x05ac14c3fcbd6feb6587f78b530daca97c42b4853a260c27a8a599f606fb98ef","0x058c3ba7dc42f7656d4913235f77df77a8b647b4ed26aa38353f5f6e553c68f8","0x052e42a5b0b699083814a4f73c939b19f65225d620b94ee8a0dae42fc17f79d7","0x03d7ae6044ec9e764ff45c6689b25bd01622749e5d8a1be6d9d1b285271b45c3","0x03c7c43287fa89e2a5a4514e57c2734ccb3046f5a9f53140bb59398b1a53e2ac","0x03a8179014d4b61cb6eba9fb05b94209627e25054d1bacb65f0bdb955f2271dd","0x01d9280debf4b4e943b43da9f03773832985dfd4e35a5064d1869533369fa00d","0x01566c1badbdad9b5060ab1475cf1c23ebedf884fc6a9f3485e72c66f4af7c84","0x01465707298526c144a85b0c7ae4fdb6948c646f349696299676ac8fbb0fae3c","0x007f35d07f99b7d86ce06f793a194fc255e95449c575fe8d75e90485dec810a9","0x006c23993686af00049fb61820398bf354c69c5ac9f58a29c37395e92db23c3c"],"values":[{"treeIndex":749,"value":[0,265099705916730324]},{"treeIndex":754,"value":[1,844197157324372416]},{"treeIndex":462,"value":[2,230027367346311206]},{"treeIndex":522,"value":[3,94595833983836441]},{"treeIndex":665,"value":[4,614336548203426769]},{"treeIndex":637,"value":[5,631794658623815523]},{"treeIndex":609,"value":[6,635265080263479122]},{"treeIndex":502,"value":[7,52937781714149404]},{"treeIndex":785,"value":[8,52937781714149404]},{"treeIndex":430,"value":[9,509178702231937526]},{"treeIndex":668,"value":[10,52936319252438632]},{"treeIndex":647,"value":[11,393931518389861211]},{"treeIndex":453,"value":[12,352802154215746014]},{"treeIndex":747,"value":[13,614269274964731225]},{"treeIndex":623,"value":[14,43519670718772859]},{"treeIndex":513,"value":[15,52934125559872473]},{"treeIndex":605,"value":[16,52934125559872473]},{"treeIndex":465,"value":[17,474280710711388823]},{"treeIndex":418,"value":[18,211731383623502211]},{"treeIndex":779,"value":[19,469505677957234881]},{"treeIndex":728,"value":[20,8128658895554364027]},{"treeIndex":480,"value":[21,515821698640558273]},{"treeIndex":429,"value":[22,810538516227159052]},{"treeIndex":713,"value":[23,614579123280626071]},{"treeIndex":523,"value":[24,588185500943340932]},{"treeIndex":424,"value":[25,976345660704033900]},{"treeIndex":512,"value":[27,2538015135185494273]},{"treeIndex":520,"value":[28,509040499600269506]},{"treeIndex":655,"value":[29,2400579340210284607]},{"treeIndex":440,"value":[30,56219355581652183]},{"treeIndex":719,"value":[31,2265406076697430322]},{"treeIndex":500,"value":[32,2264732861441918615]},{"treeIndex":684,"value":[34,191921928077471026]},{"treeIndex":695,"value":[35,6189040751678758602]},{"treeIndex":432,"value":[37,644932850515342534]},{"treeIndex":691,"value":[38,211593912222689578]},{"treeIndex":708,"value":[39,615552620712521726]},{"treeIndex":679,"value":[40,682479179612440077]},{"treeIndex":630,"value":[41,51170703603867038]},{"treeIndex":618,"value":[42,48552107796902880]},{"treeIndex":612,"value":[43,627132373474337642]},{"treeIndex":421,"value":[44,47399038408420157]},{"treeIndex":595,"value":[46,634985018845866151]},{"treeIndex":704,"value":[47,215688074864709127]},{"treeIndex":466,"value":[48,614019194012189095]},{"treeIndex":800,"value":[49,565483205074517965]},{"treeIndex":506,"value":[50,614006031856792141]},{"treeIndex":730,"value":[51,52912188634210882]},{"treeIndex":581,"value":[52,105824377268421772]},{"treeIndex":447,"value":[53,634940413763687584]},{"treeIndex":601,"value":[54,591271054219294645]},{"treeIndex":757,"value":[55,613973857699155141]},{"treeIndex":537,"value":[56,634800748670308792]},{"treeIndex":790,"value":[58,613957770620336642]},{"treeIndex":538,"value":[59,566566033819928556]},{"treeIndex":517,"value":[61,97524955781625228]},{"treeIndex":733,"value":[62,338484585631621544]},{"treeIndex":518,"value":[65,636656929166270735]},{"treeIndex":515,"value":[66,255695572154571773]},{"treeIndex":703,"value":[67,155414584126612494]},{"treeIndex":678,"value":[68,795042399817741565]},{"treeIndex":592,"value":[69,105614514012925891]},{"treeIndex":499,"value":[70,613429821942747700]},{"treeIndex":802,"value":[71,413266902349602615]},{"treeIndex":410,"value":[72,46727993679900379]},{"treeIndex":680,"value":[74,264190209127373566]},{"treeIndex":419,"value":[77,552984078203940160]},{"treeIndex":692,"value":[79,668610546826162608]},{"treeIndex":450,"value":[80,1134790521027271255]},{"treeIndex":495,"value":[81,634000050883660743]},{"treeIndex":639,"value":[82,612877742646931009]},{"treeIndex":454,"value":[83,134550415018867630]},{"treeIndex":613,"value":[84,367733203912524883]},{"treeIndex":482,"value":[87,840501911594481883]},{"treeIndex":434,"value":[88,48321280937714701]},{"treeIndex":616,"value":[89,624148308760146396]},{"treeIndex":689,"value":[90,611868644066497851]},{"treeIndex":489,"value":[91,632759883352925500]},{"treeIndex":451,"value":[92,238513840745558800]},{"treeIndex":633,"value":[93,611421130783001407]},{"treeIndex":746,"value":[95,96133037628323883]},{"treeIndex":745,"value":[96,480271438310730433]},{"treeIndex":667,"value":[97,585616570986470052]},{"treeIndex":452,"value":[98,1647830857517594344]},{"treeIndex":597,"value":[99,632023533881551449]},{"treeIndex":475,"value":[100,631787346315261660]},{"treeIndex":588,"value":[102,604406433187280189]},{"treeIndex":416,"value":[103,1794227326978520963]},{"treeIndex":555,"value":[104,189463084031801155]},{"treeIndex":808,"value":[105,1086284120318328912]},{"treeIndex":763,"value":[106,99521019821887138]},{"treeIndex":759,"value":[107,610736698702359787]},{"treeIndex":441,"value":[110,631584064137464255]},{"treeIndex":472,"value":[112,46754093598252750]},{"treeIndex":659,"value":[114,93938100229810248]},{"treeIndex":571,"value":[115,620637538232330655]},{"treeIndex":720,"value":[116,507260720340054805]},{"treeIndex":794,"value":[118,103436177294729966]},{"treeIndex":727,"value":[119,49972216231888817]},{"treeIndex":732,"value":[120,521820218504797162]},{"treeIndex":485,"value":[123,233505091568866460]},{"treeIndex":688,"value":[124,2590364614084122304]},{"treeIndex":644,"value":[125,570969705942099383]},{"treeIndex":782,"value":[127,124143563526404844]},{"treeIndex":469,"value":[128,599529854612708647]},{"treeIndex":614,"value":[129,553259870029035289]},{"treeIndex":774,"value":[130,553247439104493721]},{"treeIndex":797,"value":[132,462610789086350733]},{"treeIndex":408,"value":[133,576596831621925802]},{"treeIndex":525,"value":[134,45825430411912090]},{"treeIndex":741,"value":[136,122105059464662756]},{"treeIndex":740,"value":[141,591104682945492242]},{"treeIndex":448,"value":[143,611949053208630091]},{"treeIndex":683,"value":[144,5633112309367957648]},{"treeIndex":591,"value":[145,40141514859168370]},{"treeIndex":786,"value":[147,551033878068864627]},{"treeIndex":775,"value":[148,558323015323162292]},{"treeIndex":574,"value":[150,49085964435160566]},{"treeIndex":649,"value":[151,1516137384767849885]},{"treeIndex":471,"value":[152,725308269493331285]},{"treeIndex":476,"value":[153,98139754712684140]},{"treeIndex":712,"value":[154,565434062203830234]},{"treeIndex":755,"value":[159,3677483888101214480]},{"treeIndex":810,"value":[160,541487662308618357]},{"treeIndex":664,"value":[161,278459757288928884]},{"treeIndex":501,"value":[162,588395402377740756]},{"treeIndex":590,"value":[163,538810930405023527]},{"treeIndex":693,"value":[165,49029659659295817]},{"treeIndex":461,"value":[166,4419893652704332139]},{"treeIndex":654,"value":[167,3891448522705687618]},{"treeIndex":632,"value":[168,532716412673180840]},{"treeIndex":631,"value":[169,543078384025658034]},{"treeIndex":510,"value":[170,85954521750702122]},{"treeIndex":414,"value":[171,1428174498333204792]},{"treeIndex":804,"value":[172,587631997364717410]},{"treeIndex":638,"value":[173,45415761124348744]},{"treeIndex":504,"value":[174,507672636667025042]},{"treeIndex":767,"value":[175,507660205742483475]},{"treeIndex":438,"value":[177,42787377214796829]},{"treeIndex":650,"value":[181,234351996027921184]},{"treeIndex":503,"value":[182,42525609953995049]},{"treeIndex":731,"value":[183,48595769773355732]},{"treeIndex":743,"value":[184,36486946565233507]},{"treeIndex":656,"value":[185,560127013793263023]},{"treeIndex":589,"value":[188,561051211758021003]},{"treeIndex":458,"value":[189,360746416262742817]},{"treeIndex":705,"value":[191,696308149619616004]},{"treeIndex":529,"value":[192,555431764231571253]},{"treeIndex":487,"value":[195,576268618488955003]},{"treeIndex":565,"value":[196,753094851009857436]},{"treeIndex":455,"value":[197,1083917119352249062]},{"treeIndex":658,"value":[198,576247835306943383]},{"treeIndex":437,"value":[199,555285589184756188]},{"treeIndex":417,"value":[200,11205742444205789]},{"treeIndex":771,"value":[201,393696732178778857]},{"treeIndex":772,"value":[202,111521592476036435]},{"treeIndex":669,"value":[203,46232636852134438]},{"treeIndex":446,"value":[205,1414396325550782044]},{"treeIndex":611,"value":[206,575586930118973849]},{"treeIndex":479,"value":[207,575567532482429669]},{"treeIndex":657,"value":[209,143887033711471368]},{"treeIndex":762,"value":[210,567890917820070749]},{"treeIndex":600,"value":[211,284179269707666103]},{"treeIndex":711,"value":[212,468485787916784505]},{"treeIndex":792,"value":[215,571600715809145022]},{"treeIndex":431,"value":[216,47924472994380387]},{"treeIndex":526,"value":[217,552064195972954999]},{"treeIndex":603,"value":[218,551727508424366746]},{"treeIndex":436,"value":[219,551712267424224891]},{"treeIndex":606,"value":[221,703652043898416595]},{"treeIndex":548,"value":[222,501815672714167278]},{"treeIndex":409,"value":[225,209570045785330449]},{"treeIndex":629,"value":[226,754855423929722444]},{"treeIndex":736,"value":[229,546207495282080321]},{"treeIndex":687,"value":[231,208723415540710192]},{"treeIndex":765,"value":[232,43536237644045915]},{"treeIndex":411,"value":[233,457627700091742196]},{"treeIndex":760,"value":[234,45311941889019647]},{"treeIndex":550,"value":[235,543730832759028869]},{"treeIndex":439,"value":[237,556557848669134050]},{"treeIndex":582,"value":[239,164772950112314944]},{"treeIndex":478,"value":[240,4328594016902063434]},{"treeIndex":563,"value":[242,43184579808823257]},{"treeIndex":566,"value":[243,387799822965140081]},{"treeIndex":807,"value":[245,472881806330973608]},{"treeIndex":798,"value":[249,446288472960585591]},{"treeIndex":702,"value":[250,129543906170492873]},{"treeIndex":532,"value":[251,452872742626376706]},{"treeIndex":498,"value":[252,339001993786496133]},{"treeIndex":660,"value":[253,43177368754440188]},{"treeIndex":561,"value":[255,331392315625452330]},{"treeIndex":805,"value":[256,39622851279693261]},{"treeIndex":735,"value":[257,838600070555901420]},{"treeIndex":583,"value":[258,497154356253223802]},{"treeIndex":721,"value":[260,584538156834843059]},{"treeIndex":492,"value":[261,31748749943695843]},{"treeIndex":696,"value":[262,342656684674766827]},{"treeIndex":557,"value":[263,497104534422940784]},{"treeIndex":572,"value":[264,36794328566870986]},{"treeIndex":488,"value":[265,20565239791461553]},{"treeIndex":587,"value":[266,332231475515841824]},{"treeIndex":778,"value":[267,113589644059091909]},{"treeIndex":551,"value":[268,82847259468365000]},{"treeIndex":662,"value":[269,215845544097097940]},{"treeIndex":576,"value":[271,497070445802220824]},{"treeIndex":675,"value":[272,82843326165974236]},{"treeIndex":706,"value":[273,5154093112715778029]},{"treeIndex":729,"value":[274,80393574647390494]},{"treeIndex":784,"value":[275,82839392863583471]},{"treeIndex":519,"value":[276,82839392863583471]},{"treeIndex":528,"value":[277,82839392863583471]},{"treeIndex":607,"value":[282,662240848510160068]},{"treeIndex":748,"value":[284,356539283905570531]},{"treeIndex":617,"value":[286,331410401822645767]},{"treeIndex":787,"value":[288,895504446699040198]},{"treeIndex":781,"value":[289,29189771138732760]},{"treeIndex":584,"value":[290,357373764529888710]},{"treeIndex":470,"value":[291,532908384837910597]},{"treeIndex":676,"value":[292,422653912179486908]},{"treeIndex":685,"value":[293,352186620613714420]},{"treeIndex":558,"value":[294,422605393462200883]},{"treeIndex":627,"value":[295,422529761344078549]},{"treeIndex":724,"value":[297,422566863892591392]},{"treeIndex":734,"value":[298,31442376767667513]},{"treeIndex":776,"value":[299,33467438316782846]},{"treeIndex":435,"value":[300,33467438316782846]},{"treeIndex":645,"value":[301,100536320955130751]},{"treeIndex":459,"value":[302,66932022591372400]},{"treeIndex":559,"value":[303,200771094904925880]},{"treeIndex":813,"value":[304,21891207872240831279]},{"treeIndex":553,"value":[305,378178677363744577]},{"treeIndex":594,"value":[307,466439014716155376]},{"treeIndex":715,"value":[308,357197527424452707]},{"treeIndex":533,"value":[309,267664587926688797]},{"treeIndex":620,"value":[310,66915611848760951]},{"treeIndex":811,"value":[311,135801887316467694]},{"treeIndex":521,"value":[312,200733278845864713]},{"treeIndex":670,"value":[313,29541064315280381]},{"treeIndex":764,"value":[315,58323174944147937]},{"treeIndex":610,"value":[316,27755213097315751]},{"treeIndex":426,"value":[317,100360217827997439]},{"treeIndex":481,"value":[318,29745235579995610]},{"treeIndex":770,"value":[319,33453168105816368]},{"treeIndex":509,"value":[320,70398081042585064]},{"treeIndex":686,"value":[321,82779665092771129]},{"treeIndex":570,"value":[322,25252694479005437]},{"treeIndex":535,"value":[323,66904195679987768]},{"treeIndex":698,"value":[324,33451741084719720]},{"treeIndex":718,"value":[325,295783324092355016]},{"treeIndex":536,"value":[326,137753518032866944]},{"treeIndex":546,"value":[327,246371878332598024]},{"treeIndex":516,"value":[329,422272897546681945]},{"treeIndex":699,"value":[330,87811707814625009]},{"treeIndex":573,"value":[331,3283063015240377037]},{"treeIndex":468,"value":[332,234088696006560711]},{"treeIndex":619,"value":[333,7867435720490255061]},{"treeIndex":803,"value":[334,35184770310326052]},{"treeIndex":596,"value":[336,720566291755481567]},{"treeIndex":640,"value":[338,33436043852656594]},{"treeIndex":423,"value":[339,33436043852656594]},{"treeIndex":507,"value":[340,228778757348108811]},{"treeIndex":580,"value":[341,465813869537205813]},{"treeIndex":788,"value":[342,2481829240428424715]},{"treeIndex":681,"value":[344,1931064845523061496]},{"treeIndex":753,"value":[345,794187616592652822]},{"treeIndex":433,"value":[346,16105727565685634188]},{"treeIndex":443,"value":[347,103654206313921305]},{"treeIndex":508,"value":[349,311255651223890184]},{"treeIndex":750,"value":[351,4151104420791072]},{"treeIndex":567,"value":[352,51861858677256248]},{"treeIndex":552,"value":[353,7990160761224553]},{"treeIndex":744,"value":[354,24879347268254620]},{"treeIndex":795,"value":[355,7978184502276927]},{"treeIndex":463,"value":[356,2071227450220004]},{"treeIndex":562,"value":[357,3546968691655266]},{"treeIndex":672,"value":[358,8279587019125518]},{"treeIndex":585,"value":[359,10347487730748959]},{"treeIndex":634,"value":[360,2064573973026879]},{"treeIndex":646,"value":[361,25375696666861791]},{"treeIndex":677,"value":[364,2063908625307566]},{"treeIndex":554,"value":[367,22051619461176233]},{"treeIndex":560,"value":[369,6014078034866245]},{"treeIndex":420,"value":[370,2004027330569435]},{"treeIndex":756,"value":[371,2004027330569435]},{"treeIndex":445,"value":[375,222948040525849743]},{"treeIndex":428,"value":[376,199302247929200612]},{"treeIndex":643,"value":[378,1972755987761745]},{"treeIndex":793,"value":[379,1972090640042432]},{"treeIndex":714,"value":[381,6759932828215627]},{"treeIndex":543,"value":[383,1972090640042432]},{"treeIndex":531,"value":[384,53435406033430456]},{"treeIndex":716,"value":[386,6758602132777001]},{"treeIndex":422,"value":[390,1972090640042432]},{"treeIndex":540,"value":[391,114355973909127232]},{"treeIndex":442,"value":[393,1969429249165182]},{"treeIndex":539,"value":[394,1969429249165182]},{"treeIndex":541,"value":[396,7817170354203287]},{"treeIndex":464,"value":[397,1968763901445870]},{"treeIndex":722,"value":[398,23608533124367627]},{"treeIndex":725,"value":[399,39266826350669454]},{"treeIndex":663,"value":[400,49144578591583746]},{"treeIndex":723,"value":[401,49118630030530556]},{"treeIndex":652,"value":[402,3365994112002249]},{"treeIndex":530,"value":[403,49082701253687677]},{"treeIndex":524,"value":[404,49052760606318612]},{"treeIndex":648,"value":[405,49022154611230234]},{"treeIndex":697,"value":[406,48942978232632039]},{"treeIndex":726,"value":[409,3913575284996488]},{"treeIndex":701,"value":[411,20120115032011866]},{"treeIndex":796,"value":[412,46935624163466041]},{"treeIndex":789,"value":[413,46898364691184537]},{"treeIndex":707,"value":[414,1953460903901681]},{"treeIndex":780,"value":[415,46865097305218909]},{"treeIndex":486,"value":[416,46827837832937406]},{"treeIndex":598,"value":[417,3342706941826310]},{"treeIndex":773,"value":[418,6640835586458678]},{"treeIndex":505,"value":[419,1950134165305118]},{"treeIndex":460,"value":[420,1950134165305118]},{"treeIndex":806,"value":[421,1950134165305118]},{"treeIndex":758,"value":[422,296171553079355098]},{"treeIndex":622,"value":[423,1942149992673367]},{"treeIndex":641,"value":[424,36597451300787457]},{"treeIndex":497,"value":[426,3308774208141369]},{"treeIndex":549,"value":[427,3861012815170795]},{"treeIndex":593,"value":[428,1930173733725741]},{"treeIndex":814,"value":[430,1930173733725741]},{"treeIndex":415,"value":[431,26987834190756128]},{"treeIndex":444,"value":[432,3295467253755118]},{"treeIndex":791,"value":[433,49422693938256396]},{"treeIndex":737,"value":[85,44444259960242393]},{"treeIndex":812,"value":[149,497619597238528258]},{"treeIndex":799,"value":[180,556866515834373722]},{"treeIndex":739,"value":[186,364494784054876446]},{"treeIndex":527,"value":[194,525979415272664869]},{"treeIndex":717,"value":[213,131310576270996511]},{"treeIndex":545,"value":[220,522345129511566151]},{"treeIndex":628,"value":[241,194968379188161382]},{"treeIndex":494,"value":[247,34361621358647225]},{"treeIndex":761,"value":[259,425756467912527053]},{"treeIndex":491,"value":[314,24451580513759321]},{"treeIndex":661,"value":[328,310012850499626428]},{"treeIndex":602,"value":[337,26703282821285322]},{"treeIndex":751,"value":[348,126743393673767143]},{"treeIndex":752,"value":[94,415025715263506146]},{"treeIndex":413,"value":[109,87002735711332135]},{"treeIndex":577,"value":[214,40216292943648439]},{"treeIndex":671,"value":[227,35860658791796685]},{"treeIndex":511,"value":[306,23567197712866287]},{"treeIndex":666,"value":[26,32182889278193146]},{"treeIndex":608,"value":[108,41921955820197978]},{"treeIndex":493,"value":[131,207513371424035607]},{"treeIndex":700,"value":[57,37603277145621407]},{"treeIndex":556,"value":[117,32862502997998333]},{"treeIndex":777,"value":[139,285829268238727796]},{"treeIndex":568,"value":[208,309621706694620939]},{"treeIndex":473,"value":[270,28020747454128429]},{"treeIndex":809,"value":[279,299059581005207573]},{"treeIndex":769,"value":[280,299034071185711487]},{"treeIndex":816,"value":[281,251154039785204749]},{"treeIndex":579,"value":[287,20077341266448745]},{"treeIndex":768,"value":[335,203286733945172295]},{"treeIndex":477,"value":[343,560813269759053212]},{"treeIndex":542,"value":[64,381478192700472059]},{"treeIndex":783,"value":[113,340535783477105816]},{"treeIndex":673,"value":[126,66102583651730158]},{"treeIndex":690,"value":[238,125219362558094742]},{"treeIndex":457,"value":[283,49631590110574027]},{"treeIndex":547,"value":[296,14554325995724750]},{"treeIndex":496,"value":[36,357108107531983336]},{"treeIndex":483,"value":[78,82933252844454538]},{"treeIndex":490,"value":[285,79905772726975196]},{"treeIndex":575,"value":[33,26192195763491373]},{"treeIndex":544,"value":[45,18472512240464018]},{"treeIndex":636,"value":[137,38977442417852083]},{"treeIndex":694,"value":[248,191699872061976897]},{"treeIndex":651,"value":[278,12309742315755932]},{"treeIndex":449,"value":[76,60879247902776619]},{"treeIndex":514,"value":[111,16984266350159339]},{"treeIndex":604,"value":[204,13166904974057947]},{"treeIndex":766,"value":[230,161984027519623721]},{"treeIndex":624,"value":[236,9313243188847087]},{"treeIndex":427,"value":[101,12843194184845341]},{"treeIndex":815,"value":[122,12117474001936818]},{"treeIndex":467,"value":[140,91975149289347692]},{"treeIndex":625,"value":[142,24511291979145311]},{"treeIndex":801,"value":[146,84645550450362913]},{"treeIndex":653,"value":[155,163529220819079423]},{"treeIndex":621,"value":[156,11212941433823908]},{"treeIndex":484,"value":[157,11860400460538588]},{"treeIndex":642,"value":[158,10702911281111095]},{"treeIndex":474,"value":[176,10920950314045136]},{"treeIndex":412,"value":[179,10806147069749480]},{"treeIndex":742,"value":[190,10745575574604262]},{"treeIndex":599,"value":[193,111157396598985255]},{"treeIndex":534,"value":[223,11916177641210457]},{"treeIndex":586,"value":[228,9861811462103241]},{"treeIndex":738,"value":[246,15343421133135876]},{"treeIndex":635,"value":[254,5371568566271359]},{"treeIndex":564,"value":[60,48778251028328397]},{"treeIndex":709,"value":[63,9749820817793683]},{"treeIndex":710,"value":[73,19018278624886706]},{"treeIndex":456,"value":[121,7548796459596722]},{"treeIndex":578,"value":[135,45456950288727201]},{"treeIndex":682,"value":[138,8494435732743161]},{"treeIndex":615,"value":[164,10173820835884149]},{"treeIndex":569,"value":[178,9996787288423728]},{"treeIndex":626,"value":[224,17104872963072257]},{"treeIndex":425,"value":[75,4340899814527801]},{"treeIndex":674,"value":[86,59605642327627088]}]}'
    headers:
      Access-Control-Allow-Origin:
      - '*'
      Age:
      - '10866'
      CF-Cache-Status:
      - HIT
      CF-Ray:
      - 99aff27d8904cfe4-MAD
      Cache-Control:
      - public, max-age=29030400, immutable
      Connection:
      - keep-alive
      Content-Type:
      - application/json
      Date:
      - Fri, 07 Nov 2025 21:33:08 GMT
      ETag:
      - W/"QmPETiT4VFCXmyY7MhNCvHUzC7SfHz8SMhPtbV19BWaURM"
      Server:
      - cloudflare
      Transfer-Encoding:
      - chunked
      Vary:
      - Accept-Encoding
      X-Robots-Tag:
      - noindex, nofollow
      access-control-allow-headers:
      - Content-Type
      - Range
      - User-Agent
      - X-Requested-With
      access-control-allow-methods:
      - GET
      - HEAD
      - OPTIONS
      access-control-expose-headers:
      - Content-Length
      - Content-Range
      - X-Chunked-Output
      - X-Ipfs-Path
      - X-Ipfs-Roots
      - X-Stream-Output
      alt-svc:
      - h3=":443"; ma=86400
      content-length:
      - '77011'
      x-ipfs-path:
      - /ipfs/QmPETiT4VFCXmyY7MhNCvHUzC7SfHz8SMhPtbV19BWaURM
      x-ipfs-pop:
      - rainbow-fr2-01
      x-ipfs-roots:
      - QmPETiT4VFCXmyY7MhNCvHUzC7SfHz8SMhPtbV19BWaURM
    status:
      code: 200
      message: OK
- request:
    body: '{"jsonrpc": "2.0", "method": "eth_call", "params": [{"to": "0xD99CC66fEC647E68294C6477B40fC7E0F6F618D0",
      "data": "0xea6301ab0000000000000000000000000000000000000000000000000000000000000001"},
      "latest"], "id": 12}'
    headers:
      Accept:
      - '*/*'
      Accept-Encoding:
      - gzip, deflate
      Connection:
      - keep-alive
      Content-Length:
      - '212'
      Content-Type:
      - application/json
      User-Agent:
      - web3.py/7.14.0/web3.providers.rpc.rpc.HTTPProvider
    method: POST
    uri: https://mainnet.infura.io/v3/a6b269b6e5ad44ed943e9fff244dfe25
  response:
    body:
      string: '{"jsonrpc":"2.0","id":12,"result":"0x0000000000000000000000000000000000000000000000000ab0b6939311498b"}

        '
    headers:
      Access-Control-Allow-Origin:
      - '*'
      Connection:
      - keep-alive
      Content-Length:
      - '104'
      Content-Type:
      - application/json
      Date:
      - Fri, 07 Nov 2025 21:33:08 GMT
      Vary:
      - Accept-Encoding
      - Origin
      X-Send-To-Many:
      - '0'
    status:
      code: 200
      message: OK
- request:
    body: '{"jsonrpc": "2.0", "method": "eth_call", "params": [{"to": "0xae7ab96520DE3A18E5e111B5EaAb095312D7fE84",
      "data": "0x7a28fb8800000000000000000000000000000000000000000000000001067a43efa57035"},
      "latest"], "id": 13}'
    headers:
      Accept:
      - '*/*'
      Accept-Encoding:
      - gzip, deflate
      Connection:
      - keep-alive
      Content-Length:
      - '212'
      Content-Type:
      - application/json
      User-Agent:
      - web3.py/7.14.0/web3.providers.rpc.rpc.HTTPProvider
    method: POST
    uri: https://mainnet.infura.io/v3/a6b269b6e5ad44ed943e9fff244dfe25
  response:
    body:
      string: '{"jsonrpc":"2.0","id":13,"result":"0x000000000000000000000000000000000000000000000000013fd90548a49dbe"}

        '
    headers:
      Access-Control-Allow-Origin:
      - '*'
      Connection:
      - keep-alive
      Content-Length:
      - '104'
      Content-Type:
      - application/json
      Date:
      - Fri, 07 Nov 2025 21:33:08 GMT
      Vary:
      - Accept-Encoding
      - Origin
      X-Send-To-Many:
      - '0'
    status:
      code: 200
      message: OK
- request:
    body: '{"jsonrpc": "2.0", "method": "eth_call", "params": [{"to": "0xae7ab96520DE3A18E5e111B5EaAb095312D7fE84",
      "data": "0x7a28fb880000000000000000000000000000000000000000000000012ab320346900e621"},
      "latest"], "id": 14}'
    headers:
      Accept:
      - '*/*'
      Accept-Encoding:
      - gzip, deflate
      Connection:
      - keep-alive
      Content-Length:
      - '212'
      Content-Type:
      - application/json
      User-Agent:
      - web3.py/7.14.0/web3.providers.rpc.rpc.HTTPProvider
    method: POST
    uri: https://mainnet.infura.io/v3/a6b269b6e5ad44ed943e9fff244dfe25
  response:
    body:
      string: '{"jsonrpc":"2.0","id":14,"result":"0x0000000000000000000000000000000000000000000000016bfcaa241312cfdc"}

        '
    headers:
      Access-Control-Allow-Origin:
      - '*'
      Connection:
      - keep-alive
      Content-Length:
      - '104'
      Content-Type:
      - application/json
      Date:
      - Fri, 07 Nov 2025 21:33:09 GMT
      Vary:
      - Accept-Encoding
      - Origin
      X-Send-To-Many:
      - '0'
    status:
      code: 200
      message: OK
- request:
    body: '{"jsonrpc": "2.0", "method": "eth_call", "params": [{"to": "0xae7ab96520DE3A18E5e111B5EaAb095312D7fE84",
      "data": "0x7a28fb880000000000000000000000000000000000000000000000012a616b20d534e73c"},
      "latest"], "id": 15}'
    headers:
      Accept:
      - '*/*'
      Accept-Encoding:
      - gzip, deflate
      Connection:
      - keep-alive
      Content-Length:
      - '212'
      Content-Type:
      - application/json
      User-Agent:
      - web3.py/7.14.0/web3.providers.rpc.rpc.HTTPProvider
    method: POST
    uri: https://mainnet.infura.io/v3/a6b269b6e5ad44ed943e9fff244dfe25
  response:
    body:
      string: '{"jsonrpc":"2.0","id":15,"result":"0x0000000000000000000000000000000000000000000000016b99192fbb3bffff"}

        '
    headers:
      Access-Control-Allow-Origin:
      - '*'
      Connection:
      - keep-alive
      Content-Length:
      - '104'
      Content-Type:
      - application/json
      Date:
      - Fri, 07 Nov 2025 21:33:09 GMT
      Vary:
      - Accept-Encoding
      - Origin
      X-Send-To-Many:
      - '0'
    status:
      code: 200
      message: OK
- request:
    body: '{"jsonrpc": "2.0", "method": "eth_call", "params": [{"to": "0xae7ab96520DE3A18E5e111B5EaAb095312D7fE84",
      "data": "0x7a28fb880000000000000000000000000000000000000000000000000051b51393cbfee5"},
      "latest"], "id": 16}'
    headers:
      Accept:
      - '*/*'
      Accept-Encoding:
      - gzip, deflate
      Connection:
      - keep-alive
      Content-Length:
      - '212'
      Content-Type:
      - application/json
      User-Agent:
      - web3.py/7.14.0/web3.providers.rpc.rpc.HTTPProvider
    method: POST
    uri: https://mainnet.infura.io/v3/a6b269b6e5ad44ed943e9fff244dfe25
  response:
    body:
      string: '{"jsonrpc":"2.0","id":16,"result":"0x000000000000000000000000000000000000000000000000006390f457d6cfdd"}

        '
    headers:
      Access-Control-Allow-Origin:
      - '*'
      Connection:
      - keep-alive
      Content-Length:
      - '104'
      Content-Type:
      - application/json
      Date:
      - Fri, 07 Nov 2025 21:33:10 GMT
      Vary:
      - Accept-Encoding
      - Origin
      X-Send-To-Many:
      - '0'
    status:
      code: 200
      message: OK
version: 1
